Archive member included because of file (symbol)

c:/dave-3.1.10/arm-gcc/bin/../lib/gcc/arm-none-eabi/4.7.4/../../../../arm-none-eabi/lib/armv7e-m\libg.a(lib_a-init.o)
                              Startup/startup_XMC4500.o (__libc_init_array)

Allocating common symbols
Common symbol       size              file

os_robin            0x8               Dave/Generated/src/RTOS001/SRC/rt_Robin.o
os_initialized      0x1               Dave/Generated/src/RTOS001/SRC/rt_CMSIS.o
AppDynamicData0     0x14              Dave/Generated/src/UART002/UART002_Conf.o
mp_stk              0x588             Dave/Generated/src/RTOS001/RTX_Conf_CM.o
os_active_TCB       0x1c              Dave/Generated/src/RTOS001/RTX_Conf_CM.o
os_stack_mem        0x18              Dave/Generated/src/RTOS001/RTX_Conf_CM.o
os_tmr              0x8               Dave/Generated/src/RTOS001/SRC/rt_Timer.o
os_running          0x1               Dave/Generated/src/RTOS001/SRC/rt_CMSIS.o
os_fifo             0x84              Dave/Generated/src/RTOS001/RTX_Conf_CM.o
osMessageQId_osTimerMessageQ
                    0x4               Dave/Generated/src/RTOS001/RTX_Conf_CM.o
os_tsk              0x8               Dave/Generated/src/RTOS001/SRC/rt_Task.o
os_idle_TCB         0x34              Dave/Generated/src/RTOS001/SRC/rt_Task.o
os_timer_head       0x4               Dave/Generated/src/RTOS001/SRC/rt_CMSIS.o
os_rdy              0x18              Dave/Generated/src/RTOS001/SRC/rt_List.o
threadA_id          0x4               Main.o
os_time             0x4               Dave/Generated/src/RTOS001/SRC/rt_Time.o
os_dly              0x18              Dave/Generated/src/RTOS001/SRC/rt_List.o
os_tick_irqn        0x4               Dave/Generated/src/RTOS001/SRC/rt_System.o
mp_tcb              0x178             Dave/Generated/src/RTOS001/RTX_Conf_CM.o
threadB_id          0x4               Main.o
osThreadId_osTimerThread
                    0x4               Dave/Generated/src/RTOS001/RTX_Conf_CM.o

Discarded input sections

 .group         0x00000000        0x8 Startup/system_XMC4500.o
 .group         0x00000000        0x8 Startup/system_XMC4500.o
 .group         0x00000000        0x8 Startup/system_XMC4500.o
 .group         0x00000000        0x8 Startup/system_XMC4500.o
 .group         0x00000000        0x8 Startup/system_XMC4500.o
 .group         0x00000000        0x8 Startup/system_XMC4500.o
 .group         0x00000000        0x8 Startup/system_XMC4500.o
 .group         0x00000000        0x8 Startup/system_XMC4500.o
 .group         0x00000000        0x8 Startup/system_XMC4500.o
 .group         0x00000000        0x8 Startup/system_XMC4500.o
 .group         0x00000000        0x8 Startup/system_XMC4500.o
 .group         0x00000000        0x8 Startup/system_XMC4500.o
 .group         0x00000000        0x8 Startup/system_XMC4500.o
 .comment       0x00000000       0x71 Startup/system_XMC4500.o
 .group         0x00000000        0x8 Main.o
 .group         0x00000000        0x8 Main.o
 .group         0x00000000        0x8 Main.o
 .group         0x00000000        0x8 Main.o
 .group         0x00000000        0x8 Main.o
 .group         0x00000000        0x8 Main.o
 .group         0x00000000        0x8 Main.o
 .group         0x00000000        0x8 Main.o
 .group         0x00000000        0x8 Main.o
 .group         0x00000000        0x8 Main.o
 .group         0x00000000        0x8 Main.o
 .group         0x00000000        0x8 Main.o
 .group         0x00000000        0x8 Main.o
 .group         0x00000000        0x8 Main.o
 .group         0x00000000        0x8 Main.o
 .group         0x00000000        0x8 Main.o
 .group         0x00000000        0x8 Main.o
 .group         0x00000000        0x8 Main.o
 .group         0x00000000        0x8 Main.o
 .group         0x00000000        0x8 Main.o
 .group         0x00000000        0x8 Main.o
 .group         0x00000000        0x8 Main.o
 .group         0x00000000        0x8 Main.o
 .group         0x00000000        0x8 Main.o
 .group         0x00000000        0x8 Main.o
 .group         0x00000000        0x8 Main.o
 .group         0x00000000        0x8 Main.o
 .group         0x00000000        0x8 Main.o
 .group         0x00000000        0x8 Main.o
 .group         0x00000000        0x8 Main.o
 .group         0x00000000        0x8 Main.o
 .group         0x00000000        0x8 Main.o
 .group         0x00000000        0x8 Main.o
 .debug_macro   0x00000000      0x814 Main.o
 .debug_macro   0x00000000       0x2d Main.o
 .debug_macro   0x00000000       0x3b Main.o
 .debug_macro   0x00000000       0x3a Main.o
 .debug_macro   0x00000000       0x10 Main.o
 .debug_macro   0x00000000       0x2e Main.o
 .debug_macro   0x00000000       0xa3 Main.o
 .debug_macro   0x00000000      0x20e Main.o
 .debug_macro   0x00000000       0x2d Main.o
 .debug_macro   0x00000000       0x42 Main.o
 .debug_macro   0x00000000      0xd39 Main.o
 .debug_macro   0x00000000    0x150f5 Main.o
 .comment       0x00000000       0x71 Main.o
[...]
Memory Configuration

Name             Origin             Length             Attributes
FLASH_1_cached   0x08000000         0x00100000         xr
FLASH_1_uncached 0x0c000000         0x00100000         xr
PSRAM_1          0x10000000         0x00010000         !xr
DSRAM_1_system   0x20000000         0x00010000         !xr
DSRAM_2_comm     0x30000000         0x00008000         !xr
*default*        0x00000000         0xffffffff

Linker script and memory map

LOAD Startup/startup_XMC4500.o
LOAD Startup/system_XMC4500.o
LOAD Main.o
LOAD Lib/System_LibcStubs.o
LOAD Dave/Generated/src/UART002/UART002.o
LOAD Dave/Generated/src/UART002/UART002_Conf.o
LOAD Dave/Generated/src/RTOS001/SRC/HAL_CM.o
LOAD Dave/Generated/src/RTOS001/SRC/HAL_CM4.o
LOAD Dave/Generated/src/RTOS001/SRC/HAL_CM4_armcc.o
LOAD Dave/Generated/src/RTOS001/SRC/SVC_Table.o
LOAD Dave/Generated/src/RTOS001/SRC/rt_CMSIS.o
LOAD Dave/Generated/src/RTOS001/SRC/rt_Event.o
LOAD Dave/Generated/src/RTOS001/SRC/rt_List.o
LOAD Dave/Generated/src/RTOS001/SRC/rt_Mailbox.o
LOAD Dave/Generated/src/RTOS001/SRC/rt_MemBox.o
LOAD Dave/Generated/src/RTOS001/SRC/rt_Memory.o
LOAD Dave/Generated/src/RTOS001/SRC/rt_Mutex.o
LOAD Dave/Generated/src/RTOS001/SRC/rt_Robin.o
LOAD Dave/Generated/src/RTOS001/SRC/rt_Semaphore.o
LOAD Dave/Generated/src/RTOS001/SRC/rt_System.o
LOAD Dave/Generated/src/RTOS001/SRC/rt_Task.o
LOAD Dave/Generated/src/RTOS001/SRC/rt_Time.o
LOAD Dave/Generated/src/RTOS001/SRC/rt_Timer.o
LOAD Dave/Generated/src/RTOS001/RTX_Conf_CM.o
LOAD Dave/Generated/src/RESET001/RESET001.o
LOAD Dave/Generated/src/LIBS/CCU8PWMLIB.o
LOAD Dave/Generated/src/LIBS/MOTORLIB.o
LOAD Dave/Generated/src/IO004/IO004.o
LOAD Dave/Generated/src/IO004/IO004_Conf.o
LOAD Dave/Generated/src/DAVESupport/DAVE3.o
LOAD Dave/Generated/src/DAVESupport/MULTIPLEXER.o
LOAD Dave/Generated/src/CLK001/CLK001.o
START GROUP
LOAD c:/dave-3.1.10/arm-gcc/bin/../lib/gcc/arm-none-eabi/4.7.4/armv7e-m\libgcc.a
LOAD c:/dave-3.1.10/arm-gcc/bin/../lib/gcc/arm-none-eabi/4.7.4/../../../../arm-none-eabi/lib/armv7e-m\libg.a
LOAD c:/dave-3.1.10/arm-gcc/bin/../lib/gcc/arm-none-eabi/4.7.4/../../../../arm-none-eabi/lib/armv7e-m\libc.a
END GROUP
                0x00000800                stack_size = 0x800

.text           0x08000000     0x6634 load address 0x0c000000
                0x08000000                sText = .
 *(.Xmc4500.reset)
 .Xmc4500.reset
                0x08000000      0x21c Startup/startup_XMC4500.o
                0x08000000                __Xmc4500_interrupt_vector_cortex_m
                0x08000200                __Xmc4500_reset_cortex_m
 *(.Xmc4500.postreset)
 .Xmc4500.postreset
                0x0800021c       0xa8 Startup/startup_XMC4500.o
 *(.XmcStartup)
 .XmcStartup    0x080002c4        0x4 Startup/startup_XMC4500.o
 *(.text .text.* .gnu.linkonce.t.*)
 .text          0x080002c8       0xe2 Startup/startup_XMC4500.o
                0x080002c8                NMI_Handler
                0x080002ca                HardFault_Handler
                0x080002cc                MemManage_Handler
                0x080002ce                BusFault_Handler
                0x080002d0                UsageFault_Handler
                0x080002d4                DebugMon_Handler
                0x080002da                SCU_0_IRQHandler
                0x080002dc                ERU0_0_IRQHandler
                0x080002de                ERU0_1_IRQHandler
                0x080002e0                ERU0_2_IRQHandler
                0x080002e2                ERU0_3_IRQHandler
                0x080002e4                ERU1_0_IRQHandler
                0x080002e6                ERU1_1_IRQHandler
                0x080002e8                ERU1_2_IRQHandler
                0x080002ea                ERU1_3_IRQHandler
                0x080002ec                PMU0_0_IRQHandler
                0x080002ee                VADC0_C0_0_IRQHandler
                0x080002f0                VADC0_C0_1_IRQHandler
                0x080002f2                VADC0_C0_2_IRQHandler
                0x080002f4                VADC0_C0_3_IRQHandler
                0x080002f6                VADC0_G0_0_IRQHandler
                0x080002f8                VADC0_G0_1_IRQHandler
                0x080002fa                VADC0_G0_2_IRQHandler
                0x080002fc                VADC0_G0_3_IRQHandler
                0x080002fe                VADC0_G1_0_IRQHandler
                0x08000300                VADC0_G1_1_IRQHandler
                0x08000302                VADC0_G1_2_IRQHandler
                0x08000304                VADC0_G1_3_IRQHandler
                0x08000306                VADC0_G2_0_IRQHandler
                0x08000308                VADC0_G2_1_IRQHandler
                0x0800030a                VADC0_G2_2_IRQHandler
                0x0800030c                VADC0_G2_3_IRQHandler
                0x0800030e                VADC0_G3_0_IRQHandler
                0x08000310                VADC0_G3_1_IRQHandler
                0x08000312                VADC0_G3_2_IRQHandler
                0x08000314                VADC0_G3_3_IRQHandler
                0x08000316                DSD0_0_IRQHandler
                0x08000318                DSD0_1_IRQHandler
                0x0800031a                DSD0_2_IRQHandler
                0x0800031c                DSD0_3_IRQHandler
                0x0800031e                DSD0_4_IRQHandler
                0x08000320                DSD0_5_IRQHandler
                0x08000322                DSD0_6_IRQHandler
                0x08000324                DSD0_7_IRQHandler
                0x08000326                DAC0_0_IRQHandler
                0x08000328                DAC0_1_IRQHandler
                0x0800032a                CCU40_0_IRQHandler
                0x0800032c                CCU40_1_IRQHandler
                0x0800032e                CCU40_2_IRQHandler
                0x08000330                CCU40_3_IRQHandler
                0x08000332                CCU41_0_IRQHandler
                0x08000334                CCU41_1_IRQHandler
                0x08000336                CCU41_2_IRQHandler
                0x08000338                CCU41_3_IRQHandler
                0x0800033a                CCU42_0_IRQHandler
                0x0800033c                CCU42_1_IRQHandler
                0x0800033e                CCU42_2_IRQHandler
                0x08000340                CCU42_3_IRQHandler
                0x08000342                CCU43_0_IRQHandler
                0x08000344                CCU43_1_IRQHandler
                0x08000346                CCU43_2_IRQHandler
                0x08000348                CCU43_3_IRQHandler
                0x0800034a                CCU80_0_IRQHandler
                0x0800034c                CCU80_1_IRQHandler
                0x0800034e                CCU80_2_IRQHandler
                0x08000350                CCU80_3_IRQHandler
                0x08000352                CCU81_0_IRQHandler
                0x08000354                CCU81_1_IRQHandler
                0x08000356                CCU81_2_IRQHandler
                0x08000358                CCU81_3_IRQHandler
                0x0800035a                POSIF0_0_IRQHandler
                0x0800035c                POSIF0_1_IRQHandler
                0x0800035e                POSIF1_0_IRQHandler
                0x08000360                POSIF1_1_IRQHandler
                0x08000362                CAN0_0_IRQHandler
                0x08000364                CAN0_1_IRQHandler
                0x08000366                CAN0_2_IRQHandler
                0x08000368                CAN0_3_IRQHandler
                0x0800036a                CAN0_4_IRQHandler
                0x0800036c                CAN0_5_IRQHandler
                0x0800036e                CAN0_6_IRQHandler
                0x08000370                CAN0_7_IRQHandler
                0x08000372                USIC0_0_IRQHandler
                0x08000374                USIC0_1_IRQHandler
                0x08000376                USIC0_2_IRQHandler
                0x0800037a                USIC0_4_IRQHandler
                0x0800037e                USIC1_0_IRQHandler
                0x08000380                USIC1_1_IRQHandler
                0x08000382                USIC1_2_IRQHandler
                0x08000384                USIC1_3_IRQHandler
                0x08000386                USIC1_4_IRQHandler
                0x08000388                USIC1_5_IRQHandler
                0x0800038a                USIC2_0_IRQHandler
                0x0800038c                USIC2_1_IRQHandler
                0x0800038e                USIC2_2_IRQHandler
                0x08000390                USIC2_3_IRQHandler
                0x08000392                USIC2_4_IRQHandler
                0x08000394                USIC2_5_IRQHandler
                0x08000396                LEDTS0_0_IRQHandler
                0x08000398                FCE0_0_IRQHandler
                0x0800039a                GPDMA0_0_IRQHandler
                0x0800039c                SDMMC0_0_IRQHandler
                0x0800039e                USB0_0_IRQHandler
                0x080003a0                ETH0_0_IRQHandler
                0x080003a2                GPDMA1_0_IRQHandler
 .text          0x080003aa        0x0 Startup/system_XMC4500.o
 *fill*         0x080003aa        0x2 00
 .text.SystemInit
                0x080003ac       0x9c Startup/system_XMC4500.o
                0x080003ac                SystemInit
 .text.SystemCoreClockUpdate
                0x08000448      0x148 Startup/system_XMC4500.o
                0x08000448                SystemCoreClockUpdate
 .text.SystemClockSetup
                0x08000590      0x4cc Startup/system_XMC4500.o
 .text          0x08000a5c        0x0 Main.o
 .text.threadA  0x08000a5c       0xac Main.o
                0x08000a5c                threadA
 .text.threadB  0x08000b08       0x30 Main.o
                0x08000b08                threadB
 .text.main     0x08000b38       0x50 Main.o
                0x08000b38                main
 .text          0x08000b88        0x0 Lib/System_LibcStubs.o
 .text._open    0x08000b88       0x1c Lib/System_LibcStubs.o
                0x08000b88                _open
 .text._lseek   0x08000ba4       0x1c Lib/System_LibcStubs.o
                0x08000ba4                _lseek
 .text._read    0x08000bc0       0x1c Lib/System_LibcStubs.o
                0x08000bc0                _read
 .text._write   0x08000bdc       0x1c Lib/System_LibcStubs.o
                0x08000bdc                _write
 .text._close   0x08000bf8       0x10 Lib/System_LibcStubs.o
                0x08000bf8                _close
 .text._fstat   0x08000c08       0x28 Lib/System_LibcStubs.o
                0x08000c08                _fstat
 .text._link    0x08000c30       0x28 Lib/System_LibcStubs.o
                0x08000c30                _link
 .text._unlink  0x08000c58       0x18 Lib/System_LibcStubs.o
                0x08000c58                _unlink
 .text._sbrk    0x08000c70       0xa0 Lib/System_LibcStubs.o
                0x08000c70                _sbrk
 .text._times   0x08000d10       0x18 Lib/System_LibcStubs.o
                0x08000d10                _times
 .text._wait    0x08000d28       0x18 Lib/System_LibcStubs.o
                0x08000d28                _wait
 .text._kill    0x08000d40       0x1c Lib/System_LibcStubs.o
                0x08000d40                _kill
 .text._fork    0x08000d5c       0x10 Lib/System_LibcStubs.o
                0x08000d5c                _fork
 .text._getpid  0x08000d6c       0x10 Lib/System_LibcStubs.o
                0x08000d6c                _getpid
 .text._exit    0x08000d7c        0xc Lib/System_LibcStubs.o
                0x08000d7c                _exit
 .text._init    0x08000d88        0xc Lib/System_LibcStubs.o
                0x08000d88                _init
 .text._isatty  0x08000d94       0x18 Lib/System_LibcStubs.o
                0x08000d94                _isatty
 .text          0x08000dac        0x0 Dave/Generated/src/UART002/UART002.o
 .text.NVIC_GetPriorityGrouping
                0x08000dac       0x20 Dave/Generated/src/UART002/UART002.o
 .text.NVIC_EnableIRQ
                0x08000dcc       0x38 Dave/Generated/src/UART002/UART002.o
 .text.NVIC_SetPriority
                0x08000e04       0x5c Dave/Generated/src/UART002/UART002.o
 .text.NVIC_EncodePriority
                0x08000e60       0x78 Dave/Generated/src/UART002/UART002.o
 .text.UART002_lInit
                0x08000ed8      0x1a4 Dave/Generated/src/UART002/UART002.o
                0x08000ed8                UART002_lInit
 .text.UART002_Init
                0x0800107c       0xa0 Dave/Generated/src/UART002/UART002.o
                0x0800107c                UART002_Init
 .text.UART002_Deinit
                0x0800111c       0x14 Dave/Generated/src/UART002/UART002.o
                0x0800111c                UART002_Deinit
 .text.UART002_LocalStructureInit
                0x08001130       0x3c Dave/Generated/src/UART002/UART002.o
                0x08001130                UART002_LocalStructureInit
 .text.UART002_StartReception
                0x0800116c      0x130 Dave/Generated/src/UART002/UART002.o
                0x0800116c                UART002_StartReception
 .text.UART002_StartTransmission
                0x0800129c       0xf0 Dave/Generated/src/UART002/UART002.o
                0x0800129c                UART002_StartTransmission
 .text.UART002_WaitForCompletion
                0x0800138c       0x44 Dave/Generated/src/UART002/UART002.o
                0x0800138c                UART002_WaitForCompletion
 .text.UART002_GetStatus
                0x080013d0       0x18 Dave/Generated/src/UART002/UART002.o
                0x080013d0                UART002_GetStatus
 .text.USIC0_5_IRQHandler
                0x080013e8      0x154 Dave/Generated/src/UART002/UART002.o
                0x080013e8                USIC0_5_IRQHandler
 .text.USIC0_3_IRQHandler
                0x0800153c      0x294 Dave/Generated/src/UART002/UART002.o
                0x0800153c                USIC0_3_IRQHandler
 .text          0x080017d0        0x0 Dave/Generated/src/UART002/UART002_Conf.o
 .text          0x080017d0        0x0 Dave/Generated/src/RTOS001/SRC/HAL_CM.o
 .text.rt_init_stack
                0x080017d0       0xc4 Dave/Generated/src/RTOS001/SRC/HAL_CM.o
                0x080017d0                rt_init_stack
 .text.rt_ret_regs
                0x08001894       0x30 Dave/Generated/src/RTOS001/SRC/HAL_CM.o
 .text.rt_ret_val
                0x080018c4       0x20 Dave/Generated/src/RTOS001/SRC/HAL_CM.o
                0x080018c4                rt_ret_val
 .text.rt_ret_val2
                0x080018e4       0x2c Dave/Generated/src/RTOS001/SRC/HAL_CM.o
                0x080018e4                rt_ret_val2
 .text          0x08001910      0x184 Dave/Generated/src/RTOS001/SRC/HAL_CM4.o
                0x08001910                rt_set_PSP
                0x08001916                rt_get_PSP
                0x0800191c                os_set_env
                0x08001934                _alloc_box
                0x08001950                _free_box
                0x0800196c                SVC_Handler
                0x08001a02                PendSV_Handler
                0x08001a08                Sys_Switch
                0x08001a62                SysTick_Handler
                0x08001a6c                OS_Tick_Handler
 .text          0x08001a94        0x0 Dave/Generated/src/RTOS001/SRC/HAL_CM4_armcc.o
 .text          0x08001a94        0x0 Dave/Generated/src/RTOS001/SRC/SVC_Table.o
 .text          0x08001a94        0x0 Dave/Generated/src/RTOS001/SRC/rt_CMSIS.o
 .text.rt_ms2tick
                0x08001a94       0x44 Dave/Generated/src/RTOS001/SRC/rt_CMSIS.o
 .text.rt_tid2ptcb
                0x08001ad8       0x24 Dave/Generated/src/RTOS001/SRC/rt_CMSIS.o
 .text.rt_id2obj
                0x08001afc        0xc Dave/Generated/src/RTOS001/SRC/rt_CMSIS.o
 .text.svcKernelInitialize
                0x08001b08       0xa0 Dave/Generated/src/RTOS001/SRC/rt_CMSIS.o
                0x08001b08                svcKernelInitialize
 .text.svcKernelStart
                0x08001ba8       0x6c Dave/Generated/src/RTOS001/SRC/rt_CMSIS.o
                0x08001ba8                svcKernelStart
 .text.svcKernelRunning
                0x08001c14        0xc Dave/Generated/src/RTOS001/SRC/rt_CMSIS.o
                0x08001c14                svcKernelRunning
 .text.svcKernelSysTick
                0x08001c20       0x54 Dave/Generated/src/RTOS001/SRC/rt_CMSIS.o
                0x08001c20                svcKernelSysTick
 .text.osKernelInitialize
                0x08001c74       0x2c Dave/Generated/src/RTOS001/SRC/rt_CMSIS.o
                0x08001c74                osKernelInitialize
 .text.osKernelStart
                0x08001ca0       0x9c Dave/Generated/src/RTOS001/SRC/rt_CMSIS.o
                0x08001ca0                osKernelStart
 .text.osKernelRunning
                0x08001d3c       0x2c Dave/Generated/src/RTOS001/SRC/rt_CMSIS.o
                0x08001d3c                osKernelRunning
 .text.osKernelSysTick
                0x08001d68       0x1c Dave/Generated/src/RTOS001/SRC/rt_CMSIS.o
                0x08001d68                osKernelSysTick
 .text.svcThreadCreate
                0x08001d84       0xc8 Dave/Generated/src/RTOS001/SRC/rt_CMSIS.o
                0x08001d84                svcThreadCreate
 .text.svcThreadGetId
                0x08001e4c       0x20 Dave/Generated/src/RTOS001/SRC/rt_CMSIS.o
                0x08001e4c                svcThreadGetId
 .text.svcThreadTerminate
                0x08001e6c       0x48 Dave/Generated/src/RTOS001/SRC/rt_CMSIS.o
                0x08001e6c                svcThreadTerminate
 .text.svcThreadYield
                0x08001eb4        0xc Dave/Generated/src/RTOS001/SRC/rt_CMSIS.o
                0x08001eb4                svcThreadYield
 .text.svcThreadSetPriority
                0x08001ec0       0x38 Dave/Generated/src/RTOS001/SRC/rt_CMSIS.o
                0x08001ec0                svcThreadSetPriority
 .text.svcThreadGetPriority
                0x08001ef8       0x1c Dave/Generated/src/RTOS001/SRC/rt_CMSIS.o
                0x08001ef8                svcThreadGetPriority
 .text.osThreadCreate
                0x08001f14       0x38 Dave/Generated/src/RTOS001/SRC/rt_CMSIS.o
                0x08001f14                osThreadCreate
 .text.osThreadGetId
                0x08001f4c       0x1c Dave/Generated/src/RTOS001/SRC/rt_CMSIS.o
                0x08001f4c                osThreadGetId
 .text.osThreadTerminate
                0x08001f68       0x1c Dave/Generated/src/RTOS001/SRC/rt_CMSIS.o
                0x08001f68                osThreadTerminate
 .text.osThreadYield
                0x08001f84       0x1c Dave/Generated/src/RTOS001/SRC/rt_CMSIS.o
                0x08001f84                osThreadYield
 .text.osThreadSetPriority
                0x08001fa0       0x1c Dave/Generated/src/RTOS001/SRC/rt_CMSIS.o
                0x08001fa0                osThreadSetPriority
 .text.osThreadGetPriority
                0x08001fbc       0x20 Dave/Generated/src/RTOS001/SRC/rt_CMSIS.o
                0x08001fbc                osThreadGetPriority
 .text.osThreadExit
                0x08001fdc       0x18 Dave/Generated/src/RTOS001/SRC/rt_CMSIS.o
                0x08001fdc                osThreadExit
 .text.svcDelay
                0x08001ff4       0x1c Dave/Generated/src/RTOS001/SRC/rt_CMSIS.o
                0x08001ff4                svcDelay
 .text.osDelay  0x08002010       0x1c Dave/Generated/src/RTOS001/SRC/rt_CMSIS.o
                0x08002010                osDelay
 .text.osWait   0x0800202c        0x8 Dave/Generated/src/RTOS001/SRC/rt_CMSIS.o
                0x0800202c                osWait
 .text.rt_timer_insert
                0x08002034       0x60 Dave/Generated/src/RTOS001/SRC/rt_CMSIS.o
 .text.rt_timer_remove
                0x08002094       0x5c Dave/Generated/src/RTOS001/SRC/rt_CMSIS.o
 .text.svcTimerCreate
                0x080020f0       0x54 Dave/Generated/src/RTOS001/SRC/rt_CMSIS.o
                0x080020f0                svcTimerCreate
 .text.svcTimerStart
                0x08002144       0x58 Dave/Generated/src/RTOS001/SRC/rt_CMSIS.o
                0x08002144                svcTimerStart
 .text.svcTimerStop
                0x0800219c       0x30 Dave/Generated/src/RTOS001/SRC/rt_CMSIS.o
                0x0800219c                svcTimerStop
 .text.svcTimerDelete
                0x080021cc       0x2c Dave/Generated/src/RTOS001/SRC/rt_CMSIS.o
                0x080021cc                svcTimerDelete
 .text.svcTimerCall
                0x080021f8       0x20 Dave/Generated/src/RTOS001/SRC/rt_CMSIS.o
                0x080021f8                svcTimerCall
 .text.sysTimerTick
                0x08002218       0x68 Dave/Generated/src/RTOS001/SRC/rt_CMSIS.o
                0x08002218                sysTimerTick
 .text.sysUserTimerWakeupTime
                0x08002280       0x18 Dave/Generated/src/RTOS001/SRC/rt_CMSIS.o
                0x08002280                sysUserTimerWakeupTime
 .text.sysUserTimerUpdate
                0x08002298       0x50 Dave/Generated/src/RTOS001/SRC/rt_CMSIS.o
                0x08002298                sysUserTimerUpdate
 .text.osTimerCreate
                0x080022e8       0x38 Dave/Generated/src/RTOS001/SRC/rt_CMSIS.o
                0x080022e8                osTimerCreate
 .text.osTimerStart
                0x08002320       0x1c Dave/Generated/src/RTOS001/SRC/rt_CMSIS.o
                0x08002320                osTimerStart
 .text.osTimerStop
                0x0800233c       0x1c Dave/Generated/src/RTOS001/SRC/rt_CMSIS.o
                0x0800233c                osTimerStop
 .text.osTimerDelete
                0x08002358       0x1c Dave/Generated/src/RTOS001/SRC/rt_CMSIS.o
                0x08002358                osTimerDelete
 .text.osTimerCall
                0x08002374       0x18 Dave/Generated/src/RTOS001/SRC/rt_CMSIS.o
                0x08002374                osTimerCall
 .text.osTimerThread
                0x0800238c       0x34 Dave/Generated/src/RTOS001/SRC/rt_CMSIS.o
                0x0800238c                osTimerThread
 .text.svcSignalSet
                0x080023c0       0x2c Dave/Generated/src/RTOS001/SRC/rt_CMSIS.o
                0x080023c0                svcSignalSet
 .text.svcSignalClear
                0x080023ec       0x2c Dave/Generated/src/RTOS001/SRC/rt_CMSIS.o
                0x080023ec                svcSignalClear
 .text.svcSignalWait
                0x08002418       0x80 Dave/Generated/src/RTOS001/SRC/rt_CMSIS.o
                0x08002418                svcSignalWait
 .text.isrSignalSet
                0x08002498       0x2c Dave/Generated/src/RTOS001/SRC/rt_CMSIS.o
 .text.osSignalSet
                0x080024c4       0x1c Dave/Generated/src/RTOS001/SRC/rt_CMSIS.o
                0x080024c4                osSignalSet
 .text.osSignalClear
                0x080024e0       0x1c Dave/Generated/src/RTOS001/SRC/rt_CMSIS.o
                0x080024e0                osSignalClear
 .text.osSignalWait
                0x080024fc       0x2c Dave/Generated/src/RTOS001/SRC/rt_CMSIS.o
                0x080024fc                osSignalWait
 .text.svcMutexCreate
                0x08002528       0x24 Dave/Generated/src/RTOS001/SRC/rt_CMSIS.o
                0x08002528                svcMutexCreate
 .text.svcMutexWait
                0x0800254c       0x40 Dave/Generated/src/RTOS001/SRC/rt_CMSIS.o
                0x0800254c                svcMutexWait
 .text.svcMutexRelease
                0x0800258c       0x28 Dave/Generated/src/RTOS001/SRC/rt_CMSIS.o
                0x0800258c                svcMutexRelease
 .text.svcMutexDelete
                0x080025b4       0x24 Dave/Generated/src/RTOS001/SRC/rt_CMSIS.o
                0x080025b4                svcMutexDelete
 .text.osMutexCreate
                0x080025d8       0x38 Dave/Generated/src/RTOS001/SRC/rt_CMSIS.o
                0x080025d8                osMutexCreate
 .text.osMutexWait
                0x08002610       0x1c Dave/Generated/src/RTOS001/SRC/rt_CMSIS.o
                0x08002610                osMutexWait
 .text.osMutexRelease
                0x0800262c       0x1c Dave/Generated/src/RTOS001/SRC/rt_CMSIS.o
                0x0800262c                osMutexRelease
 .text.osMutexDelete
                0x08002648       0x1c Dave/Generated/src/RTOS001/SRC/rt_CMSIS.o
                0x08002648                osMutexDelete
 .text.svcSemaphoreCreate
                0x08002664       0x30 Dave/Generated/src/RTOS001/SRC/rt_CMSIS.o
                0x08002664                svcSemaphoreCreate
 .text.svcSemaphoreWait
                0x08002694       0x40 Dave/Generated/src/RTOS001/SRC/rt_CMSIS.o
                0x08002694                svcSemaphoreWait
 .text.svcSemaphoreRelease
                0x080026d4       0x34 Dave/Generated/src/RTOS001/SRC/rt_CMSIS.o
                0x080026d4                svcSemaphoreRelease
 .text.svcSemaphoreDelete
                0x08002708       0x24 Dave/Generated/src/RTOS001/SRC/rt_CMSIS.o
                0x08002708                svcSemaphoreDelete
 .text.isrSemaphoreRelease
                0x0800272c       0x34 Dave/Generated/src/RTOS001/SRC/rt_CMSIS.o
 .text.osSemaphoreCreate
                0x08002760       0x38 Dave/Generated/src/RTOS001/SRC/rt_CMSIS.o
                0x08002760                osSemaphoreCreate
 .text.osSemaphoreWait
                0x08002798       0x1c Dave/Generated/src/RTOS001/SRC/rt_CMSIS.o
                0x08002798                osSemaphoreWait
 .text.osSemaphoreRelease
                0x080027b4       0x1c Dave/Generated/src/RTOS001/SRC/rt_CMSIS.o
                0x080027b4                osSemaphoreRelease
 .text.osSemaphoreDelete
                0x080027d0       0x1c Dave/Generated/src/RTOS001/SRC/rt_CMSIS.o
                0x080027d0                osSemaphoreDelete
 .text.rt_clr_box
                0x080027ec       0x14 Dave/Generated/src/RTOS001/SRC/rt_CMSIS.o
 .text.svcPoolCreate
                0x08002800       0x44 Dave/Generated/src/RTOS001/SRC/rt_CMSIS.o
                0x08002800                svcPoolCreate
 .text.sysPoolAlloc
                0x08002844       0x24 Dave/Generated/src/RTOS001/SRC/rt_CMSIS.o
                0x08002844                sysPoolAlloc
 .text.sysPoolFree
                0x08002868       0x18 Dave/Generated/src/RTOS001/SRC/rt_CMSIS.o
                0x08002868                sysPoolFree
 .text.osPoolCreate
                0x08002880       0x38 Dave/Generated/src/RTOS001/SRC/rt_CMSIS.o
                0x08002880                osPoolCreate
 .text.osPoolAlloc
                0x080028b8       0x2c Dave/Generated/src/RTOS001/SRC/rt_CMSIS.o
                0x080028b8                osPoolAlloc
 .text.osPoolCAlloc
                0x080028e4       0x2c Dave/Generated/src/RTOS001/SRC/rt_CMSIS.o
                0x080028e4                osPoolCAlloc
 .text.osPoolFree
                0x08002910       0x24 Dave/Generated/src/RTOS001/SRC/rt_CMSIS.o
                0x08002910                osPoolFree
 .text.svcMessageCreate
                0x08002934       0x40 Dave/Generated/src/RTOS001/SRC/rt_CMSIS.o
                0x08002934                svcMessageCreate
 .text.svcMessagePut
                0x08002974       0x40 Dave/Generated/src/RTOS001/SRC/rt_CMSIS.o
                0x08002974                svcMessagePut
 .text.svcMessageGet
                0x080029b4       0x64 Dave/Generated/src/RTOS001/SRC/rt_CMSIS.o
                0x080029b4                svcMessageGet
 .text.isrMessagePut
                0x08002a18       0x3c Dave/Generated/src/RTOS001/SRC/rt_CMSIS.o
 .text.isrMessageGet
                0x08002a54       0x5c Dave/Generated/src/RTOS001/SRC/rt_CMSIS.o
 .text.osMessageCreate
                0x08002ab0       0x38 Dave/Generated/src/RTOS001/SRC/rt_CMSIS.o
                0x08002ab0                osMessageCreate
 .text.osMessagePut
                0x08002ae8       0x1c Dave/Generated/src/RTOS001/SRC/rt_CMSIS.o
                0x08002ae8                osMessagePut
 .text.osMessageGet
                0x08002b04       0x2c Dave/Generated/src/RTOS001/SRC/rt_CMSIS.o
                0x08002b04                osMessageGet
 .text.svcMailCreate
                0x08002b30       0x84 Dave/Generated/src/RTOS001/SRC/rt_CMSIS.o
                0x08002b30                svcMailCreate
 .text.sysMailAlloc
                0x08002bb4       0x9c Dave/Generated/src/RTOS001/SRC/rt_CMSIS.o
                0x08002bb4                sysMailAlloc
 .text.sysMailFree
                0x08002c50       0x94 Dave/Generated/src/RTOS001/SRC/rt_CMSIS.o
                0x08002c50                sysMailFree
 .text.osMailCreate
                0x08002ce4       0x38 Dave/Generated/src/RTOS001/SRC/rt_CMSIS.o
                0x08002ce4                osMailCreate
 .text.osMailAlloc
                0x08002d1c       0x28 Dave/Generated/src/RTOS001/SRC/rt_CMSIS.o
                0x08002d1c                osMailAlloc
 .text.osMailCAlloc
                0x08002d44       0x28 Dave/Generated/src/RTOS001/SRC/rt_CMSIS.o
                0x08002d44                osMailCAlloc
 .text.osMailFree
                0x08002d6c       0x24 Dave/Generated/src/RTOS001/SRC/rt_CMSIS.o
                0x08002d6c                osMailFree
 .text.osMailPut
                0x08002d90       0x20 Dave/Generated/src/RTOS001/SRC/rt_CMSIS.o
                0x08002d90                osMailPut
 .text.osMailGet
                0x08002db0       0x24 Dave/Generated/src/RTOS001/SRC/rt_CMSIS.o
                0x08002db0                osMailGet
 .text.os_suspend
                0x08002dd4       0x10 Dave/Generated/src/RTOS001/SRC/rt_CMSIS.o
                0x08002dd4                os_suspend
 .text.os_resume
                0x08002de4       0x10 Dave/Generated/src/RTOS001/SRC/rt_CMSIS.o
                0x08002de4                os_resume
 .text          0x08002df4        0x0 Dave/Generated/src/RTOS001/SRC/rt_Event.o
 .text.rt_evt_wait
                0x08002df4       0xf8 Dave/Generated/src/RTOS001/SRC/rt_Event.o
                0x08002df4                rt_evt_wait
 .text.rt_evt_set
                0x08002eec       0xc4 Dave/Generated/src/RTOS001/SRC/rt_Event.o
                0x08002eec                rt_evt_set
 .text.rt_evt_clr
                0x08002fb0       0x4c Dave/Generated/src/RTOS001/SRC/rt_Event.o
                0x08002fb0                rt_evt_clr
 .text.isr_evt_set
                0x08002ffc       0x40 Dave/Generated/src/RTOS001/SRC/rt_Event.o
                0x08002ffc                isr_evt_set
 .text.rt_evt_get
                0x0800303c       0x18 Dave/Generated/src/RTOS001/SRC/rt_Event.o
                0x0800303c                rt_evt_get
 .text.rt_evt_psh
                0x08003054       0xb0 Dave/Generated/src/RTOS001/SRC/rt_Event.o
                0x08003054                rt_evt_psh
 .text          0x08003104        0x0 Dave/Generated/src/RTOS001/SRC/rt_List.o
 .text.rt_inc_qi
                0x08003104       0x64 Dave/Generated/src/RTOS001/SRC/rt_List.o
 .text.rt_put_prio
                0x08003168       0x90 Dave/Generated/src/RTOS001/SRC/rt_List.o
                0x08003168                rt_put_prio
 .text.rt_get_first
                0x080031f8       0x68 Dave/Generated/src/RTOS001/SRC/rt_List.o
                0x080031f8                rt_get_first
 .text.rt_put_rdy_first
                0x08003260       0x34 Dave/Generated/src/RTOS001/SRC/rt_List.o
                0x08003260                rt_put_rdy_first
 .text.rt_get_same_rdy_prio
                0x08003294       0x50 Dave/Generated/src/RTOS001/SRC/rt_List.o
                0x08003294                rt_get_same_rdy_prio
 .text.rt_resort_prio
                0x080032e4       0x50 Dave/Generated/src/RTOS001/SRC/rt_List.o
                0x080032e4                rt_resort_prio
 .text.rt_put_dly
                0x08003334       0xd4 Dave/Generated/src/RTOS001/SRC/rt_List.o
                0x08003334                rt_put_dly
 .text.rt_dec_dly
                0x08003408      0x110 Dave/Generated/src/RTOS001/SRC/rt_List.o
                0x08003408                rt_dec_dly
 .text.rt_rmv_list
                0x08003518       0x68 Dave/Generated/src/RTOS001/SRC/rt_List.o
                0x08003518                rt_rmv_list
 .text.rt_rmv_dly
                0x08003580       0x60 Dave/Generated/src/RTOS001/SRC/rt_List.o
                0x08003580                rt_rmv_dly
 .text.rt_psq_enq
                0x080035e0       0x78 Dave/Generated/src/RTOS001/SRC/rt_List.o
                0x080035e0                rt_psq_enq
 .text          0x08003658        0x0 Dave/Generated/src/RTOS001/SRC/rt_Mailbox.o
 .text.rt_mbx_init
                0x08003658       0x64 Dave/Generated/src/RTOS001/SRC/rt_Mailbox.o
                0x08003658                rt_mbx_init
 .text.rt_mbx_send
                0x080036bc      0x128 Dave/Generated/src/RTOS001/SRC/rt_Mailbox.o
                0x080036bc                rt_mbx_send
 .text.rt_mbx_wait
                0x080037e4      0x14c Dave/Generated/src/RTOS001/SRC/rt_Mailbox.o
                0x080037e4                rt_mbx_wait
 .text.rt_mbx_check
                0x08003930       0x24 Dave/Generated/src/RTOS001/SRC/rt_Mailbox.o
                0x08003930                rt_mbx_check
 .text.isr_mbx_send
                0x08003954       0x24 Dave/Generated/src/RTOS001/SRC/rt_Mailbox.o
                0x08003954                isr_mbx_send
 .text.isr_mbx_receive
                0x08003978       0x90 Dave/Generated/src/RTOS001/SRC/rt_Mailbox.o
                0x08003978                isr_mbx_receive
 .text.rt_mbx_psh
                0x08003a08      0x188 Dave/Generated/src/RTOS001/SRC/rt_Mailbox.o
                0x08003a08                rt_mbx_psh
 .text          0x08003b90        0x0 Dave/Generated/src/RTOS001/SRC/rt_MemBox.o
 .text._init_box
                0x08003b90       0xc0 Dave/Generated/src/RTOS001/SRC/rt_MemBox.o
                0x08003b90                _init_box
 .text.rt_alloc_box
                0x08003c50       0x44 Dave/Generated/src/RTOS001/SRC/rt_MemBox.o
                0x08003c50                rt_alloc_box
 .text._calloc_box
                0x08003c94       0x4c Dave/Generated/src/RTOS001/SRC/rt_MemBox.o
                0x08003c94                _calloc_box
 .text.rt_free_box
                0x08003ce0       0x58 Dave/Generated/src/RTOS001/SRC/rt_MemBox.o
                0x08003ce0                rt_free_box
 .text          0x08003d38        0x0 Dave/Generated/src/RTOS001/SRC/rt_Memory.o
 .text.rt_init_mem
                0x08003d38       0x54 Dave/Generated/src/RTOS001/SRC/rt_Memory.o
                0x08003d38                rt_init_mem
 .text.rt_alloc_mem
                0x08003d8c       0xb8 Dave/Generated/src/RTOS001/SRC/rt_Memory.o
                0x08003d8c                rt_alloc_mem
 .text.rt_free_mem
                0x08003e44       0x78 Dave/Generated/src/RTOS001/SRC/rt_Memory.o
                0x08003e44                rt_free_mem
 .text          0x08003ebc        0x0 Dave/Generated/src/RTOS001/SRC/rt_Mutex.o
 .text.rt_mut_init
                0x08003ebc       0x40 Dave/Generated/src/RTOS001/SRC/rt_Mutex.o
                0x08003ebc                rt_mut_init
 .text.rt_mut_delete
                0x08003efc      0x15c Dave/Generated/src/RTOS001/SRC/rt_Mutex.o
                0x08003efc                rt_mut_delete
 .text.rt_mut_release
                0x08004058      0x1e8 Dave/Generated/src/RTOS001/SRC/rt_Mutex.o
                0x08004058                rt_mut_release
 .text.rt_mut_wait
                0x08004240      0x10c Dave/Generated/src/RTOS001/SRC/rt_Mutex.o
                0x08004240                rt_mut_wait
 .text          0x0800434c        0x0 Dave/Generated/src/RTOS001/SRC/rt_Robin.o
 .text.rt_init_robin
                0x0800434c       0x30 Dave/Generated/src/RTOS001/SRC/rt_Robin.o
                0x0800434c                rt_init_robin
 .text.rt_chk_robin
                0x0800437c       0xa8 Dave/Generated/src/RTOS001/SRC/rt_Robin.o
                0x0800437c                rt_chk_robin
 .text          0x08004424        0x0 Dave/Generated/src/RTOS001/SRC/rt_Semaphore.o
 .text.rt_sem_init
                0x08004424       0x30 Dave/Generated/src/RTOS001/SRC/rt_Semaphore.o
                0x08004424                rt_sem_init
 .text.rt_sem_delete
                0x08004454       0xb4 Dave/Generated/src/RTOS001/SRC/rt_Semaphore.o
                0x08004454                rt_sem_delete
 .text.rt_sem_send
                0x08004508       0x50 Dave/Generated/src/RTOS001/SRC/rt_Semaphore.o
                0x08004508                rt_sem_send
 .text.rt_sem_wait
                0x08004558       0x9c Dave/Generated/src/RTOS001/SRC/rt_Semaphore.o
                0x08004558                rt_sem_wait
 .text.isr_sem_send
                0x080045f4       0x24 Dave/Generated/src/RTOS001/SRC/rt_Semaphore.o
                0x080045f4                isr_sem_send
 .text.rt_sem_psh
                0x08004618       0x58 Dave/Generated/src/RTOS001/SRC/rt_Semaphore.o
                0x08004618                rt_sem_psh
 .text          0x08004670        0x0 Dave/Generated/src/RTOS001/SRC/rt_System.o
 .text.rt_systick_init
                0x08004670       0x54 Dave/Generated/src/RTOS001/SRC/rt_System.o
 .text.rt_systick_val
                0x080046c4       0x24 Dave/Generated/src/RTOS001/SRC/rt_System.o
 .text.rt_systick_ovf
                0x080046e8       0x20 Dave/Generated/src/RTOS001/SRC/rt_System.o
 .text.rt_suspend
                0x08004708       0x48 Dave/Generated/src/RTOS001/SRC/rt_System.o
                0x08004708                rt_suspend
 .text.rt_resume
                0x08004750      0x150 Dave/Generated/src/RTOS001/SRC/rt_System.o
                0x08004750                rt_resume
 .text.rt_tsk_lock
                0x080048a0       0xe8 Dave/Generated/src/RTOS001/SRC/rt_System.o
                0x080048a0                rt_tsk_lock
 .text.rt_tsk_unlock
                0x08004988       0xe8 Dave/Generated/src/RTOS001/SRC/rt_System.o
                0x08004988                rt_tsk_unlock
 .text.rt_psh_req
                0x08004a70       0x38 Dave/Generated/src/RTOS001/SRC/rt_System.o
                0x08004a70                rt_psh_req
 .text.rt_pop_req
                0x08004aa8      0x108 Dave/Generated/src/RTOS001/SRC/rt_System.o
                0x08004aa8                rt_pop_req
 .text.os_tick_init
                0x08004bb0       0x10 Dave/Generated/src/RTOS001/SRC/rt_System.o
                0x08004bb0                os_tick_init
 .text.os_tick_val
                0x08004bc0       0x10 Dave/Generated/src/RTOS001/SRC/rt_System.o
                0x08004bc0                os_tick_val
 .text.os_tick_ovf
                0x08004bd0       0x10 Dave/Generated/src/RTOS001/SRC/rt_System.o
                0x08004bd0                os_tick_ovf
 .text.os_tick_irqack
                0x08004be0        0xc Dave/Generated/src/RTOS001/SRC/rt_System.o
                0x08004be0                os_tick_irqack
 .text.rt_systick
                0x08004bec       0x68 Dave/Generated/src/RTOS001/SRC/rt_System.o
                0x08004bec                rt_systick
 .text.rt_stk_check
                0x08004c54       0x44 Dave/Generated/src/RTOS001/SRC/rt_System.o
                0x08004c54                rt_stk_check
 .text          0x08004c98        0x0 Dave/Generated/src/RTOS001/SRC/rt_Task.o
 .text.rt_svc_init
                0x08004c98       0x9c Dave/Generated/src/RTOS001/SRC/rt_Task.o
 .text.rt_get_TID
                0x08004d34       0x54 Dave/Generated/src/RTOS001/SRC/rt_Task.o
 .text.rt_init_context
                0x08004d88       0xa8 Dave/Generated/src/RTOS001/SRC/rt_Task.o
 .text.rt_switch_req
                0x08004e30       0x28 Dave/Generated/src/RTOS001/SRC/rt_Task.o
                0x08004e30                rt_switch_req
 .text.rt_dispatch
                0x08004e58       0x80 Dave/Generated/src/RTOS001/SRC/rt_Task.o
                0x08004e58                rt_dispatch
 .text.rt_block
                0x08004ed8       0x5c Dave/Generated/src/RTOS001/SRC/rt_Task.o
                0x08004ed8                rt_block
 .text.rt_tsk_pass
                0x08004f34       0x48 Dave/Generated/src/RTOS001/SRC/rt_Task.o
                0x08004f34                rt_tsk_pass
 .text.rt_tsk_self
                0x08004f7c       0x2c Dave/Generated/src/RTOS001/SRC/rt_Task.o
                0x08004f7c                rt_tsk_self
 .text.rt_tsk_prio
                0x08004fa8      0x10c Dave/Generated/src/RTOS001/SRC/rt_Task.o
                0x08004fa8                rt_tsk_prio
 .text.rt_tsk_create
                0x080050b4       0x94 Dave/Generated/src/RTOS001/SRC/rt_Task.o
                0x080050b4                rt_tsk_create
 .text.rt_tsk_delete
                0x08005148      0x298 Dave/Generated/src/RTOS001/SRC/rt_Task.o
                0x08005148                rt_tsk_delete
 .text.rt_sys_init
                0x080053e0      0x18c Dave/Generated/src/RTOS001/SRC/rt_Task.o
                0x080053e0                rt_sys_init
 .text.rt_sys_start
                0x0800556c       0x70 Dave/Generated/src/RTOS001/SRC/rt_Task.o
                0x0800556c                rt_sys_start
 .text          0x080055dc        0x0 Dave/Generated/src/RTOS001/SRC/rt_Time.o
 .text.rt_time_get
                0x080055dc       0x18 Dave/Generated/src/RTOS001/SRC/rt_Time.o
                0x080055dc                rt_time_get
 .text.rt_dly_wait
                0x080055f4       0x20 Dave/Generated/src/RTOS001/SRC/rt_Time.o
                0x080055f4                rt_dly_wait
 .text.rt_itv_set
                0x08005614       0x40 Dave/Generated/src/RTOS001/SRC/rt_Time.o
                0x08005614                rt_itv_set
 .text.rt_itv_wait
                0x08005654       0x68 Dave/Generated/src/RTOS001/SRC/rt_Time.o
                0x08005654                rt_itv_wait
 .text          0x080056bc        0x0 Dave/Generated/src/RTOS001/SRC/rt_Timer.o
 .text.rt_tmr_tick
                0x080056bc       0x94 Dave/Generated/src/RTOS001/SRC/rt_Timer.o
                0x080056bc                rt_tmr_tick
 .text.rt_tmr_create
                0x08005750       0xbc Dave/Generated/src/RTOS001/SRC/rt_Timer.o
                0x08005750                rt_tmr_create
 .text.rt_tmr_kill
                0x0800580c       0x6c Dave/Generated/src/RTOS001/SRC/rt_Timer.o
                0x0800580c                rt_tmr_kill
 .text          0x08005878        0x0 Dave/Generated/src/RTOS001/RTX_Conf_CM.o
 .text.os_idle_demon
                0x08005878        0x8 Dave/Generated/src/RTOS001/RTX_Conf_CM.o
                0x08005878                os_idle_demon
 .text.os_tmr_call
                0x08005880       0x20 Dave/Generated/src/RTOS001/RTX_Conf_CM.o
                0x08005880                os_tmr_call
 .text.os_error
                0x080058a0       0x20 Dave/Generated/src/RTOS001/RTX_Conf_CM.o
                0x080058a0                os_error
 .text          0x080058c0        0x0 Dave/Generated/src/RESET001/RESET001.o
 .text.RESET001_AssertReset
                0x080058c0       0x54 Dave/Generated/src/RESET001/RESET001.o
                0x080058c0                RESET001_AssertReset
 .text.RESET001_DeassertReset
                0x08005914       0x54 Dave/Generated/src/RESET001/RESET001.o
                0x08005914                RESET001_DeassertReset
 .text.RESET001_GetResetInfo
                0x08005968       0x2c Dave/Generated/src/RESET001/RESET001.o
                0x08005968                RESET001_GetResetInfo
 .text.RESET001_GetStatus
                0x08005994       0x7c Dave/Generated/src/RESET001/RESET001.o
                0x08005994                RESET001_GetStatus
 .text.RESET001_ClearResetInfo
                0x08005a10       0x28 Dave/Generated/src/RESET001/RESET001.o
                0x08005a10                RESET001_ClearResetInfo
 .text          0x08005a38        0x0 Dave/Generated/src/LIBS/CCU8PWMLIB.o
 .text          0x08005a38        0x0 Dave/Generated/src/LIBS/MOTORLIB.o
 .text          0x08005a38        0x0 Dave/Generated/src/IO004/IO004.o
 .text.IO004_Init
                0x08005a38       0xcc Dave/Generated/src/IO004/IO004.o
                0x08005a38                IO004_Init
 .text.IO004_DisableOutputDriver
                0x08005b04      0x17c Dave/Generated/src/IO004/IO004.o
                0x08005b04                IO004_DisableOutputDriver
 .text.IO004_EnableOutputDriver
                0x08005c80      0x17c Dave/Generated/src/IO004/IO004.o
                0x08005c80                IO004_EnableOutputDriver
 .text          0x08005dfc        0x0 Dave/Generated/src/IO004/IO004_Conf.o
 .text          0x08005dfc        0x0 Dave/Generated/src/DAVESupport/DAVE3.o
 .text.NVIC_SetPriorityGrouping
                0x08005dfc       0x50 Dave/Generated/src/DAVESupport/DAVE3.o
 .text.RTOS001_Init
                0x08005e4c        0xc Dave/Generated/src/DAVESupport/DAVE3.o
 .text.DAVE_Init
                0x08005e58       0x28 Dave/Generated/src/DAVESupport/DAVE3.o
                0x08005e58                DAVE_Init
 .text.SystemInit_DAVE3
                0x08005e80        0xc Dave/Generated/src/DAVESupport/DAVE3.o
                0x08005e80                SystemInit_DAVE3
 .text          0x08005e8c        0x0 Dave/Generated/src/DAVESupport/MULTIPLEXER.o
 .text.DAVE_MUX_Init
                0x08005e8c      0x1c8 Dave/Generated/src/DAVESupport/MULTIPLEXER.o
                0x08005e8c                DAVE_MUX_Init
 .text.DAVE_MUX_PreInit
                0x08006054        0xc Dave/Generated/src/DAVESupport/MULTIPLEXER.o
                0x08006054                DAVE_MUX_PreInit
 .text          0x08006060        0x0 Dave/Generated/src/CLK001/CLK001.o
 .text.CLK001_Delay
                0x08006060       0x34 Dave/Generated/src/CLK001/CLK001.o
 .text.CLK001_SysClk_Valid
                0x08006094       0x38 Dave/Generated/src/CLK001/CLK001.o
 .text.CLK001_BackupClkTrim
                0x080060cc       0x94 Dave/Generated/src/CLK001/CLK001.o
 .text.CLK001_SetMainPLLClkSrc
                0x08006160       0xf0 Dave/Generated/src/CLK001/CLK001.o
 .text.CLK001_ConfigMainPLL
                0x08006250      0x15c Dave/Generated/src/CLK001/CLK001.o
 .text.CLK001_FreqStepupMainPLL
                0x080063ac      0x164 Dave/Generated/src/CLK001/CLK001.o
 .text.CLK001_SysClk_Init
                0x08006510       0x50 Dave/Generated/src/CLK001/CLK001.o
 .text.CLK001_Init
                0x08006560       0x30 Dave/Generated/src/CLK001/CLK001.o
                0x08006560                CLK001_Init
 .text.AllowPLLInitByStartup
                0x08006590       0x10 Dave/Generated/src/CLK001/CLK001.o
                0x08006590                AllowPLLInitByStartup
 .text          0x080065a0        0x0 c:/dave-3.1.10/arm-gcc/bin/../lib/gcc/arm-none-eabi/4.7.4/../../../../arm-none-eabi/lib/armv7e-m\libg.a(lib_a-init.o)
 .text.__libc_init_array
                0x080065a0       0x94 c:/dave-3.1.10/arm-gcc/bin/../lib/gcc/arm-none-eabi/4.7.4/../../../../arm-none-eabi/lib/armv7e-m\libg.a(lib_a-init.o)
                0x080065a0                __libc_init_array
 *(.glue*)
 .glue_7        0x00000000        0x0 linker stubs
 .glue_7t       0x00000000        0x0 linker stubs
 *(.v4*)
 .v4_bx         0x00000000        0x0 linker stubs
 *(.vfp11_veneer)
 .vfp11_veneer  0x00000000        0x0 linker stubs
 *(.init)
                0x08006634                __preinit_array_start = .
 *(.preinit_array)
                0x08006634                __preinit_array_end = .
                0x08006634                __init_array_start = .
 *(SORT(.init_array.*))
 *(.init_array)
                0x08006634                __init_array_end = .
 *crtbegin.o(.ctors)
 *(EXCLUDE_FILE(*crtend.o) .ctors)
 *(SORT(.ctors.*))
 *crtend.o(.ctors)
 *(.fini)
                0x08006634                __fini_array_start = .
 *(.fini_array)
 *(SORT(.fini_array.*))
                0x08006634                __fini_array_end = .
 *crtbegin.o(.dtors)
 *(EXCLUDE_FILE(*crtend.o) .dtors)
 *(SORT(.dtors.*))
 *crtend.o(.dtors)
                0x08006634                __extab_start = .
 *(.ARM.extab* .gnu.linkonce.armextab.*)
 .ARM.extab.Xmc4500.reset
                0x08006634        0x0 Startup/startup_XMC4500.o
 .ARM.extab.Xmc4500.postreset
                0x08006634        0x0 Startup/startup_XMC4500.o
 .ARM.extab     0x08006634        0x0 Dave/Generated/src/RTOS001/SRC/HAL_CM4.o
                0x08006634                . = ALIGN (0x4)
                0x08006634                __extab_end = ABSOLUTE (.)

.iplt           0x08006634        0x0 load address 0x0c006634
 .iplt          0x00000000        0x0 Startup/startup_XMC4500.o

.ARM.exidx      0x08006634       0x10 load address 0x0c006634
                0x08006634                __exidx_start = .
 *(.ARM.exidx* .gnu.linkonce.armexidx.*)
 .ARM.exidx.Xmc4500.reset
                0x08006634        0x8 Startup/startup_XMC4500.o
 .ARM.exidx.Xmc4500.postreset
                0x0800663c        0x8 Startup/startup_XMC4500.o
 .ARM.exidx     0x08006644        0x0 Dave/Generated/src/RTOS001/SRC/HAL_CM4.o
                                 0x48 (size before relaxing)
                0x08006644                . = ALIGN (0x4)
                0x08006644                __exidx_end = ABSOLUTE (.)

.rodata         0x08006644       0xa0 load address 0x0c006644
 *(.rodata .rodata.*)
 .rodata        0x08006644       0x20 Main.o
                0x08006644                os_thread_def_threadA
                0x08006654                os_thread_def_threadB
 .rodata        0x08006664        0x4 Dave/Generated/src/UART002/UART002.o
                0x08006664                os_semaphore_def_UART002_ChannelSemHandle0
 .rodata        0x08006668       0x24 Dave/Generated/src/UART002/UART002_Conf.o
                0x08006668                UART002_Handle0
 .rodata        0x0800668c       0x48 Dave/Generated/src/RTOS001/RTX_Conf_CM.o
                0x0800668c                os_maxtaskrun
                0x08006690                os_stackinfo
                0x08006694                os_rrobin
                0x08006698                os_tickfreq
                0x0800669c                os_tickus_i
                0x0800669e                os_tickus_f
                0x080066a0                os_trv
                0x080066a4                os_flags
                0x080066a8                CMSIS_RTOS_API_Version
                0x080066ac                CMSIS_RTOS_RTX_Version
                0x080066b0                os_clockrate
                0x080066b4                os_timernum
                0x080066b8                mp_tcb_size
                0x080066bc                mp_stk_size
                0x080066c0                os_stack_sz
                0x080066c4                os_fifo_size
                0x080066c8                os_messageQ_def_osTimerMessageQ
                0x080066d0                mp_tmr_size
 .rodata        0x080066d4       0x10 Dave/Generated/src/IO004/IO004_Conf.o
                0x080066d4                IO004_Handle0
                0x080066dc                IO004_Handle1
 *(.gnu.linkonce.r*)

.rel.dyn        0x080066e4        0x0 load address 0x0c0066e4
 .rel.iplt      0x00000000        0x0 Startup/startup_XMC4500.o
                0x080066f0                . = ALIGN (0x10)
                0x0c0066f0                eROData = (. | 0x4000000)

Stack           0x10000000      0x800
                0x10000800                . = (. + stack_size)
 *fill*         0x10000000      0x800 00
                0x10000800                __Xmc4500_stack = .

.data3          0x10000800        0x0
                0x10000800                __data3_start = .
 *(.data3)
                0x10000800                __data3_end = .
                0x00000000                __data3_size = (__data3_end - __data3_start)

.data           0x20000000       0x24 load address 0x0c0066f0
                0x20000000                __Xmc4500_sData = .
 *(.data)
 .data          0x20000000        0x0 Startup/startup_XMC4500.o
 .data          0x20000000        0x4 Startup/system_XMC4500.o
                0x20000000                SystemCoreClock
 .data          0x20000004       0x20 Main.o
                0x20000004                Data
                0x20000014                Data1
 .data          0x20000024        0x0 Lib/System_LibcStubs.o
 .data          0x20000024        0x0 Dave/Generated/src/UART002/UART002.o
 .data          0x20000024        0x0 Dave/Generated/src/UART002/UART002_Conf.o
 .data          0x20000024        0x0 Dave/Generated/src/RTOS001/SRC/HAL_CM.o
 .data          0x20000024        0x0 Dave/Generated/src/RTOS001/SRC/HAL_CM4.o
 .data          0x20000024        0x0 Dave/Generated/src/RTOS001/SRC/HAL_CM4_armcc.o
 .data          0x20000024        0x0 Dave/Generated/src/RTOS001/SRC/SVC_Table.o
 .data          0x20000024        0x0 Dave/Generated/src/RTOS001/SRC/rt_CMSIS.o
 .data          0x20000024        0x0 Dave/Generated/src/RTOS001/SRC/rt_Event.o
 .data          0x20000024        0x0 Dave/Generated/src/RTOS001/SRC/rt_List.o
 .data          0x20000024        0x0 Dave/Generated/src/RTOS001/SRC/rt_Mailbox.o
 .data          0x20000024        0x0 Dave/Generated/src/RTOS001/SRC/rt_MemBox.o
 .data          0x20000024        0x0 Dave/Generated/src/RTOS001/SRC/rt_Memory.o
 .data          0x20000024        0x0 Dave/Generated/src/RTOS001/SRC/rt_Mutex.o
 .data          0x20000024        0x0 Dave/Generated/src/RTOS001/SRC/rt_Robin.o
 .data          0x20000024        0x0 Dave/Generated/src/RTOS001/SRC/rt_Semaphore.o
 .data          0x20000024        0x0 Dave/Generated/src/RTOS001/SRC/rt_System.o
 .data          0x20000024        0x0 Dave/Generated/src/RTOS001/SRC/rt_Task.o
 .data          0x20000024        0x0 Dave/Generated/src/RTOS001/SRC/rt_Time.o
 .data          0x20000024        0x0 Dave/Generated/src/RTOS001/SRC/rt_Timer.o
 .data          0x20000024        0x0 Dave/Generated/src/RTOS001/RTX_Conf_CM.o
 .data          0x20000024        0x0 Dave/Generated/src/RESET001/RESET001.o
 .data          0x20000024        0x0 Dave/Generated/src/LIBS/CCU8PWMLIB.o
 .data          0x20000024        0x0 Dave/Generated/src/LIBS/MOTORLIB.o
 .data          0x20000024        0x0 Dave/Generated/src/IO004/IO004.o
 .data          0x20000024        0x0 Dave/Generated/src/IO004/IO004_Conf.o
 .data          0x20000024        0x0 Dave/Generated/src/DAVESupport/DAVE3.o
 .data          0x20000024        0x0 Dave/Generated/src/DAVESupport/MULTIPLEXER.o
 .data          0x20000024        0x0 Dave/Generated/src/CLK001/CLK001.o
 .data          0x20000024        0x0 c:/dave-3.1.10/arm-gcc/bin/../lib/gcc/arm-none-eabi/4.7.4/../../../../arm-none-eabi/lib/armv7e-m\libg.a(lib_a-init.o)
 *(.data*)
 *(*.data)
 *(.gnu.linkonce.d*)
                0x20000024                __Xmc4500_eData = ALIGN (0x4)
                0x00000024                __Xmc4500_Data_Size = (__Xmc4500_eData - __Xmc4500_sData)

.igot.plt       0x20000024        0x0 load address 0x0c006714
 .igot.plt      0x00000000        0x0 Startup/startup_XMC4500.o

.ram_code       0x10000800        0x0 load address 0x0c006714
                0x10000800                __ram_code_start = .
 *(.ram_code)
                0x10000800                __ram_code_end = .
                0x0c006714                __ram_code_load = LOADADDR (.ram_code)
                0x00000000                __ram_code_size = (__ram_code_end - __ram_code_start)

.bss            0x20000028      0x8b4 load address 0x0c006718
                0x20000028                __Xmc4500_sBSS = .
 *(.bss)
 .bss           0x20000028        0x0 Startup/startup_XMC4500.o
 .bss           0x20000028        0x0 Startup/system_XMC4500.o
 .bss           0x20000028        0x0 Main.o
 .bss           0x20000028        0xc Lib/System_LibcStubs.o
                0x20000028                __dso_handle
 .bss           0x20000034        0x8 Dave/Generated/src/UART002/UART002.o
                0x20000034                os_semaphore_cb_UART002_ChannelSemHandle0
 .bss           0x2000003c        0x0 Dave/Generated/src/UART002/UART002_Conf.o
 .bss           0x2000003c        0x0 Dave/Generated/src/RTOS001/SRC/HAL_CM.o
 .bss           0x2000003c        0x0 Dave/Generated/src/RTOS001/SRC/HAL_CM4.o
 .bss           0x2000003c        0x0 Dave/Generated/src/RTOS001/SRC/HAL_CM4_armcc.o
 .bss           0x2000003c        0x0 Dave/Generated/src/RTOS001/SRC/SVC_Table.o
 .bss           0x2000003c        0x0 Dave/Generated/src/RTOS001/SRC/rt_CMSIS.o
 .bss           0x2000003c        0x0 Dave/Generated/src/RTOS001/SRC/rt_Event.o
 .bss           0x2000003c        0x0 Dave/Generated/src/RTOS001/SRC/rt_List.o
 .bss           0x2000003c        0x0 Dave/Generated/src/RTOS001/SRC/rt_Mailbox.o
 .bss           0x2000003c        0x0 Dave/Generated/src/RTOS001/SRC/rt_MemBox.o
 .bss           0x2000003c        0x0 Dave/Generated/src/RTOS001/SRC/rt_Memory.o
 .bss           0x2000003c        0x0 Dave/Generated/src/RTOS001/SRC/rt_Mutex.o
 .bss           0x2000003c        0x0 Dave/Generated/src/RTOS001/SRC/rt_Robin.o
 .bss           0x2000003c        0x0 Dave/Generated/src/RTOS001/SRC/rt_Semaphore.o
 .bss           0x2000003c        0x3 Dave/Generated/src/RTOS001/SRC/rt_System.o
 .bss           0x2000003f        0x0 Dave/Generated/src/RTOS001/SRC/rt_Task.o
 .bss           0x2000003f        0x0 Dave/Generated/src/RTOS001/SRC/rt_Time.o
 .bss           0x2000003f        0x0 Dave/Generated/src/RTOS001/SRC/rt_Timer.o
 *fill*         0x2000003f        0x1 00
 .bss           0x20000040       0x24 Dave/Generated/src/RTOS001/RTX_Conf_CM.o
                0x20000040                os_thread_def_osTimerThread
                0x20000050                os_messageQ_q_osTimerMessageQ
                0x20000060                m_tmr
 .bss           0x20000064        0x0 Dave/Generated/src/RESET001/RESET001.o
 .bss           0x20000064        0x0 Dave/Generated/src/LIBS/CCU8PWMLIB.o
 .bss           0x20000064        0x0 Dave/Generated/src/LIBS/MOTORLIB.o
 .bss           0x20000064        0x0 Dave/Generated/src/IO004/IO004.o
 .bss           0x20000064        0x0 Dave/Generated/src/IO004/IO004_Conf.o
 .bss           0x20000064        0x0 Dave/Generated/src/DAVESupport/DAVE3.o
 .bss           0x20000064        0x0 Dave/Generated/src/DAVESupport/MULTIPLEXER.o
 .bss           0x20000064        0x8 Dave/Generated/src/CLK001/CLK001.o
 .bss           0x2000006c        0x0 c:/dave-3.1.10/arm-gcc/bin/../lib/gcc/arm-none-eabi/4.7.4/../../../../arm-none-eabi/lib/armv7e-m\libg.a(lib_a-init.o)
 *(.bss*)
 *(COMMON)
 COMMON         0x2000006c        0x8 Main.o
                0x2000006c                threadA_id
                0x20000070                threadB_id
 COMMON         0x20000074       0x14 Dave/Generated/src/UART002/UART002_Conf.o
                0x20000074                AppDynamicData0
 COMMON         0x20000088        0x8 Dave/Generated/src/RTOS001/SRC/rt_CMSIS.o
                0x20000088                os_initialized
                0x20000089                os_running
                0x2000008c                os_timer_head
 COMMON         0x20000090       0x30 Dave/Generated/src/RTOS001/SRC/rt_List.o
                0x20000090                os_rdy
                0x200000a8                os_dly
 COMMON         0x200000c0        0x8 Dave/Generated/src/RTOS001/SRC/rt_Robin.o
                0x200000c0                os_robin
 COMMON         0x200000c8        0x4 Dave/Generated/src/RTOS001/SRC/rt_System.o
                0x200000c8                os_tick_irqn
 COMMON         0x200000cc       0x3c Dave/Generated/src/RTOS001/SRC/rt_Task.o
                0x200000cc                os_tsk
                0x200000d4                os_idle_TCB
 COMMON         0x20000108        0x4 Dave/Generated/src/RTOS001/SRC/rt_Time.o
                0x20000108                os_time
 COMMON         0x2000010c        0x8 Dave/Generated/src/RTOS001/SRC/rt_Timer.o
                0x2000010c                os_tmr
 *fill*         0x20000114        0x4 00
 COMMON         0x20000118      0x7c4 Dave/Generated/src/RTOS001/RTX_Conf_CM.o
                0x20000118                mp_stk
                0x200006a0                os_active_TCB
                0x200006c0                os_stack_mem
                0x200006d8                os_fifo
                0x2000075c                osMessageQId_osTimerMessageQ
                0x20000760                mp_tcb
                0x200008d8                osThreadId_osTimerThread
 *(.gnu.linkonce.b*)
                0x200008dc                __Xmc4500_eBSS = ALIGN (0x4)
                0x200008dc                . = ALIGN (0x4)
                0x200008dc                Heap_Bank1_Start = .
                0x000008b4                __Xmc4500_BSS_Size = (__Xmc4500_eBSS - __Xmc4500_sBSS)

.data2          0x30000000        0x0
                0x30000000                __data2_start = .
 *(ETH_RAM)
                0x30000000                __data2_end = .
                0x00000000                __data2_size = (__data2_end - __data2_start)
                0x0000f724                Heap_Bank1_Size = (0x10000 - (Heap_Bank1_Start - ORIGIN (DSRAM_1_system)))

DSRAM2_Heap     0x30000000        0x0
                0x30000000                Heap_Bank2_Start = .
                0x00008000                Heap_Bank2_Size = (0x8000 - (Heap_Bank2_Start - ORIGIN (DSRAM_2_comm)))

PSRAM_Heap      0x10000800        0x0
                0x10000800                Heap_Bank3_Start = .
                0x0000f800                Heap_Bank3_Size = (0x10000 - (Heap_Bank3_Start - ORIGIN (PSRAM_1)))

/DISCARD/
 *(.comment)

.stab
 *(.stab)

.stabstr
 *(.stabstr)

.debug
 *(.debug)

.line
 *(.line)

.debug_srcinfo
 *(.debug_srcinfo)

.debug_sfnames
 *(.debug_sfnames)

.debug_aranges  0x00000000      0xa88
 *(.debug_aranges)
 .debug_aranges
                0x00000000       0x38 Startup/startup_XMC4500.o
 .debug_aranges
                0x00000038       0x30 Startup/system_XMC4500.o
 .debug_aranges
                0x00000068       0x30 Main.o
 .debug_aranges
                0x00000098       0xa0 Lib/System_LibcStubs.o
 .debug_aranges
                0x00000138       0x88 Dave/Generated/src/UART002/UART002.o
 .debug_aranges
                0x000001c0       0x18 Dave/Generated/src/UART002/UART002_Conf.o
 .debug_aranges
                0x000001d8       0x38 Dave/Generated/src/RTOS001/SRC/HAL_CM.o
 .debug_aranges
                0x00000210       0x20 Dave/Generated/src/RTOS001/SRC/HAL_CM4.o
 .debug_aranges
                0x00000230       0x18 Dave/Generated/src/RTOS001/SRC/HAL_CM4_armcc.o
 .debug_aranges
                0x00000248      0x308 Dave/Generated/src/RTOS001/SRC/rt_CMSIS.o
 .debug_aranges
                0x00000550       0x48 Dave/Generated/src/RTOS001/SRC/rt_Event.o
 .debug_aranges
                0x00000598       0x70 Dave/Generated/src/RTOS001/SRC/rt_List.o
 .debug_aranges
                0x00000608       0x50 Dave/Generated/src/RTOS001/SRC/rt_Mailbox.o
 .debug_aranges
                0x00000658       0x38 Dave/Generated/src/RTOS001/SRC/rt_MemBox.o
 .debug_aranges
                0x00000690       0x30 Dave/Generated/src/RTOS001/SRC/rt_Memory.o
 .debug_aranges
                0x000006c0       0x38 Dave/Generated/src/RTOS001/SRC/rt_Mutex.o
 .debug_aranges
                0x000006f8       0x28 Dave/Generated/src/RTOS001/SRC/rt_Robin.o
 .debug_aranges
                0x00000720       0x48 Dave/Generated/src/RTOS001/SRC/rt_Semaphore.o
 .debug_aranges
                0x00000768       0x90 Dave/Generated/src/RTOS001/SRC/rt_System.o
 .debug_aranges
                0x000007f8       0x80 Dave/Generated/src/RTOS001/SRC/rt_Task.o
 .debug_aranges
                0x00000878       0x38 Dave/Generated/src/RTOS001/SRC/rt_Time.o
 .debug_aranges
                0x000008b0       0x30 Dave/Generated/src/RTOS001/SRC/rt_Timer.o
 .debug_aranges
                0x000008e0       0x30 Dave/Generated/src/RTOS001/RTX_Conf_CM.o
 .debug_aranges
                0x00000910       0x40 Dave/Generated/src/RESET001/RESET001.o
 .debug_aranges
                0x00000950       0x18 Dave/Generated/src/LIBS/CCU8PWMLIB.o
 .debug_aranges
                0x00000968       0x18 Dave/Generated/src/LIBS/MOTORLIB.o
 .debug_aranges
                0x00000980       0x30 Dave/Generated/src/IO004/IO004.o
 .debug_aranges
                0x000009b0       0x18 Dave/Generated/src/IO004/IO004_Conf.o
 .debug_aranges
                0x000009c8       0x38 Dave/Generated/src/DAVESupport/DAVE3.o
 .debug_aranges
                0x00000a00       0x28 Dave/Generated/src/DAVESupport/MULTIPLEXER.o
 .debug_aranges
                0x00000a28       0x60 Dave/Generated/src/CLK001/CLK001.o

.debug_pubnames
 *(.debug_pubnames)

.debug_pubtypes
 *(.debug_pubtypes)

.debug_info     0x00000000     0xd7d7
 *(.debug_info .gnu.linkonce.wi.*)
 .debug_info    0x00000000       0x62 Startup/startup_XMC4500.o
 .debug_info    0x00000062      0xaf0 Startup/system_XMC4500.o
 .debug_info    0x00000b52      0xb28 Main.o
 .debug_info    0x0000167a      0x65f Lib/System_LibcStubs.o
 .debug_info    0x00001cd9     0x14c8 Dave/Generated/src/UART002/UART002.o
 .debug_info    0x000031a1      0x786 Dave/Generated/src/UART002/UART002_Conf.o
 .debug_info    0x00003927      0x37c Dave/Generated/src/RTOS001/SRC/HAL_CM.o
 .debug_info    0x00003ca3       0x53 Dave/Generated/src/RTOS001/SRC/HAL_CM4.o
 .debug_info    0x00003cf6       0x21 Dave/Generated/src/RTOS001/SRC/HAL_CM4_armcc.o
 .debug_info    0x00003d17     0x4014 Dave/Generated/src/RTOS001/SRC/rt_CMSIS.o
 .debug_info    0x00007d2b      0x4c7 Dave/Generated/src/RTOS001/SRC/rt_Event.o
 .debug_info    0x000081f2      0x735 Dave/Generated/src/RTOS001/SRC/rt_List.o
 .debug_info    0x00008927      0x722 Dave/Generated/src/RTOS001/SRC/rt_Mailbox.o
 .debug_info    0x00009049      0x2e0 Dave/Generated/src/RTOS001/SRC/rt_MemBox.o
 .debug_info    0x00009329      0x1d5 Dave/Generated/src/RTOS001/SRC/rt_Memory.o
 .debug_info    0x000094fe      0x47a Dave/Generated/src/RTOS001/SRC/rt_Mutex.o
 .debug_info    0x00009978      0x370 Dave/Generated/src/RTOS001/SRC/rt_Robin.o
 .debug_info    0x00009ce8      0x4fe Dave/Generated/src/RTOS001/SRC/rt_Semaphore.o
 .debug_info    0x0000a1e6      0x7b3 Dave/Generated/src/RTOS001/SRC/rt_System.o
 .debug_info    0x0000a999      0x7fa Dave/Generated/src/RTOS001/SRC/rt_Task.o
 .debug_info    0x0000b193      0x31a Dave/Generated/src/RTOS001/SRC/rt_Time.o
 .debug_info    0x0000b4ad      0x20a Dave/Generated/src/RTOS001/SRC/rt_Timer.o
 .debug_info    0x0000b6b7      0x4aa Dave/Generated/src/RTOS001/RTX_Conf_CM.o
 .debug_info    0x0000bb61      0x47c Dave/Generated/src/RESET001/RESET001.o
 .debug_info    0x0000bfdd       0x9b Dave/Generated/src/LIBS/CCU8PWMLIB.o
 .debug_info    0x0000c078       0x9b Dave/Generated/src/LIBS/MOTORLIB.o
 .debug_info    0x0000c113      0x3b3 Dave/Generated/src/IO004/IO004.o
 .debug_info    0x0000c4c6      0x29f Dave/Generated/src/IO004/IO004_Conf.o
 .debug_info    0x0000c765      0x305 Dave/Generated/src/DAVESupport/DAVE3.o
 .debug_info    0x0000ca6a      0x6e4 Dave/Generated/src/DAVESupport/MULTIPLEXER.o
 .debug_info    0x0000d14e      0x689 Dave/Generated/src/CLK001/CLK001.o

.debug_abbrev   0x00000000     0x2777
 *(.debug_abbrev)
 .debug_abbrev  0x00000000       0x12 Startup/startup_XMC4500.o
 .debug_abbrev  0x00000012      0x154 Startup/system_XMC4500.o
 .debug_abbrev  0x00000166      0x1de Main.o
 .debug_abbrev  0x00000344      0x149 Lib/System_LibcStubs.o
 .debug_abbrev  0x0000048d      0x264 Dave/Generated/src/UART002/UART002.o
 .debug_abbrev  0x000006f1      0x137 Dave/Generated/src/UART002/UART002_Conf.o
 .debug_abbrev  0x00000828      0x12f Dave/Generated/src/RTOS001/SRC/HAL_CM.o
 .debug_abbrev  0x00000957       0x14 Dave/Generated/src/RTOS001/SRC/HAL_CM4.o
 .debug_abbrev  0x0000096b       0x13 Dave/Generated/src/RTOS001/SRC/HAL_CM4_armcc.o
 .debug_abbrev  0x0000097e      0x3a5 Dave/Generated/src/RTOS001/SRC/rt_CMSIS.o
 .debug_abbrev  0x00000d23      0x155 Dave/Generated/src/RTOS001/SRC/rt_Event.o
 .debug_abbrev  0x00000e78      0x240 Dave/Generated/src/RTOS001/SRC/rt_List.o
 .debug_abbrev  0x000010b8      0x1d1 Dave/Generated/src/RTOS001/SRC/rt_Mailbox.o
 .debug_abbrev  0x00001289      0x173 Dave/Generated/src/RTOS001/SRC/rt_MemBox.o
 .debug_abbrev  0x000013fc       0xf8 Dave/Generated/src/RTOS001/SRC/rt_Memory.o
 .debug_abbrev  0x000014f4      0x106 Dave/Generated/src/RTOS001/SRC/rt_Mutex.o
 .debug_abbrev  0x000015fa       0xf7 Dave/Generated/src/RTOS001/SRC/rt_Robin.o
 .debug_abbrev  0x000016f1      0x113 Dave/Generated/src/RTOS001/SRC/rt_Semaphore.o
 .debug_abbrev  0x00001804      0x251 Dave/Generated/src/RTOS001/SRC/rt_System.o
 .debug_abbrev  0x00001a55      0x271 Dave/Generated/src/RTOS001/SRC/rt_Task.o
 .debug_abbrev  0x00001cc6      0x11b Dave/Generated/src/RTOS001/SRC/rt_Time.o
 .debug_abbrev  0x00001de1      0x103 Dave/Generated/src/RTOS001/SRC/rt_Timer.o
 .debug_abbrev  0x00001ee4      0x13f Dave/Generated/src/RTOS001/RTX_Conf_CM.o
 .debug_abbrev  0x00002023      0x122 Dave/Generated/src/RESET001/RESET001.o
 .debug_abbrev  0x00002145       0x4e Dave/Generated/src/LIBS/CCU8PWMLIB.o
 .debug_abbrev  0x00002193       0x4e Dave/Generated/src/LIBS/MOTORLIB.o
 .debug_abbrev  0x000021e1      0x129 Dave/Generated/src/IO004/IO004.o
 .debug_abbrev  0x0000230a       0xbb Dave/Generated/src/IO004/IO004_Conf.o
 .debug_abbrev  0x000023c5      0x109 Dave/Generated/src/DAVESupport/DAVE3.o
 .debug_abbrev  0x000024ce      0x123 Dave/Generated/src/DAVESupport/MULTIPLEXER.o
 .debug_abbrev  0x000025f1      0x186 Dave/Generated/src/CLK001/CLK001.o

.debug_line     0x00000000     0x8800
 *(.debug_line)
 .debug_line    0x00000000      0x130 Startup/startup_XMC4500.o
 .debug_line    0x00000130      0x3b7 Startup/system_XMC4500.o
 .debug_line    0x000004e7      0x879 Main.o
 .debug_line    0x00000d60      0x3c1 Lib/System_LibcStubs.o
 .debug_line    0x00001121      0xa75 Dave/Generated/src/UART002/UART002.o
 .debug_line    0x00001b96      0x833 Dave/Generated/src/UART002/UART002_Conf.o
 .debug_line    0x000023c9       0xe4 Dave/Generated/src/RTOS001/SRC/HAL_CM.o
 .debug_line    0x000024ad       0xd6 Dave/Generated/src/RTOS001/SRC/HAL_CM4.o
 .debug_line    0x00002583       0x52 Dave/Generated/src/RTOS001/SRC/HAL_CM4_armcc.o
 .debug_line    0x000025d5     0x10b1 Dave/Generated/src/RTOS001/SRC/rt_CMSIS.o
 .debug_line    0x00003686      0x156 Dave/Generated/src/RTOS001/SRC/rt_Event.o
 .debug_line    0x000037dc      0x24b Dave/Generated/src/RTOS001/SRC/rt_List.o
 .debug_line    0x00003a27      0x22e Dave/Generated/src/RTOS001/SRC/rt_Mailbox.o
 .debug_line    0x00003c55      0x150 Dave/Generated/src/RTOS001/SRC/rt_MemBox.o
 .debug_line    0x00003da5       0xf6 Dave/Generated/src/RTOS001/SRC/rt_Memory.o
 .debug_line    0x00003e9b      0x189 Dave/Generated/src/RTOS001/SRC/rt_Mutex.o
 .debug_line    0x00004024       0xdb Dave/Generated/src/RTOS001/SRC/rt_Robin.o
 .debug_line    0x000040ff      0x15f Dave/Generated/src/RTOS001/SRC/rt_Semaphore.o
 .debug_line    0x0000425e      0x2b4 Dave/Generated/src/RTOS001/SRC/rt_System.o
 .debug_line    0x00004512      0x2ad Dave/Generated/src/RTOS001/SRC/rt_Task.o
 .debug_line    0x000047bf       0xd1 Dave/Generated/src/RTOS001/SRC/rt_Time.o
 .debug_line    0x00004890      0x105 Dave/Generated/src/RTOS001/SRC/rt_Timer.o
 .debug_line    0x00004995      0x291 Dave/Generated/src/RTOS001/RTX_Conf_CM.o
 .debug_line    0x00004c26      0x41e Dave/Generated/src/RESET001/RESET001.o
 .debug_line    0x00005044      0x868 Dave/Generated/src/LIBS/CCU8PWMLIB.o
 .debug_line    0x000058ac      0x864 Dave/Generated/src/LIBS/MOTORLIB.o
 .debug_line    0x00006110      0x8bf Dave/Generated/src/IO004/IO004.o
 .debug_line    0x000069cf      0x82f Dave/Generated/src/IO004/IO004_Conf.o
 .debug_line    0x000071fe      0x8b7 Dave/Generated/src/DAVESupport/DAVE3.o
 .debug_line    0x00007ab5      0x89c Dave/Generated/src/DAVESupport/MULTIPLEXER.o
 .debug_line    0x00008351      0x4af Dave/Generated/src/CLK001/CLK001.o

.debug_frame    0x00000000     0x1cd4
 *(.debug_frame)
 .debug_frame   0x00000000       0x6c Startup/system_XMC4500.o
 .debug_frame   0x0000006c       0x6c Main.o
 .debug_frame   0x000000d8      0x1ec Lib/System_LibcStubs.o
 .debug_frame   0x000002c4      0x1b8 Dave/Generated/src/UART002/UART002.o
 .debug_frame   0x0000047c       0x88 Dave/Generated/src/RTOS001/SRC/HAL_CM.o
 .debug_frame   0x00000504      0xa48 Dave/Generated/src/RTOS001/SRC/rt_CMSIS.o
 .debug_frame   0x00000f4c       0xc8 Dave/Generated/src/RTOS001/SRC/rt_Event.o
 .debug_frame   0x00001014      0x154 Dave/Generated/src/RTOS001/SRC/rt_List.o
 .debug_frame   0x00001168       0xf8 Dave/Generated/src/RTOS001/SRC/rt_Mailbox.o
 .debug_frame   0x00001260       0x8c Dave/Generated/src/RTOS001/SRC/rt_MemBox.o
 .debug_frame   0x000012ec       0x64 Dave/Generated/src/RTOS001/SRC/rt_Memory.o
 .debug_frame   0x00001350       0x8c Dave/Generated/src/RTOS001/SRC/rt_Mutex.o
 .debug_frame   0x000013dc       0x4c Dave/Generated/src/RTOS001/SRC/rt_Robin.o
 .debug_frame   0x00001428       0xcc Dave/Generated/src/RTOS001/SRC/rt_Semaphore.o
 .debug_frame   0x000014f4      0x1c8 Dave/Generated/src/RTOS001/SRC/rt_System.o
 .debug_frame   0x000016bc      0x1a4 Dave/Generated/src/RTOS001/SRC/rt_Task.o
 .debug_frame   0x00001860       0x88 Dave/Generated/src/RTOS001/SRC/rt_Time.o
 .debug_frame   0x000018e8       0x70 Dave/Generated/src/RTOS001/SRC/rt_Timer.o
 .debug_frame   0x00001958       0x64 Dave/Generated/src/RTOS001/RTX_Conf_CM.o
 .debug_frame   0x000019bc       0x9c Dave/Generated/src/RESET001/RESET001.o
 .debug_frame   0x00001a58       0x64 Dave/Generated/src/IO004/IO004.o
 .debug_frame   0x00001abc       0x80 Dave/Generated/src/DAVESupport/DAVE3.o
 .debug_frame   0x00001b3c       0x48 Dave/Generated/src/DAVESupport/MULTIPLEXER.o
 .debug_frame   0x00001b84      0x120 Dave/Generated/src/CLK001/CLK001.o
 .debug_frame   0x00001ca4       0x30 c:/dave-3.1.10/arm-gcc/bin/../lib/gcc/arm-none-eabi/4.7.4/../../../../arm-none-eabi/lib/armv7e-m\libg.a(lib_a-init.o)

.debug_str      0x00000000    0x9a403
 *(.debug_str)
 .debug_str     0x00000000    0x90148 Startup/system_XMC4500.o
                              0x9045f (size before relaxing)
 .debug_str     0x00090148     0x409d Main.o
                              0x940c5 (size before relaxing)
 .debug_str     0x000941e5     0x27c4 Lib/System_LibcStubs.o
                               0x587f (size before relaxing)
 .debug_str     0x000969a9      0xb25 Dave/Generated/src/UART002/UART002.o
                              0x94abc (size before relaxing)
 .debug_str     0x000974ce       0x3d Dave/Generated/src/UART002/UART002_Conf.o
                              0x93ed7 (size before relaxing)
 .debug_str     0x0009750b      0x928 Dave/Generated/src/RTOS001/SRC/HAL_CM.o
                               0x2c3c (size before relaxing)
 .debug_str     0x00097e33       0x32 Dave/Generated/src/RTOS001/SRC/HAL_CM4_armcc.o
                               0x22be (size before relaxing)
 .debug_str     0x00097e65     0x1365 Dave/Generated/src/RTOS001/SRC/rt_CMSIS.o
                               0x664a (size before relaxing)
 .debug_str     0x000991ca       0xd1 Dave/Generated/src/RTOS001/SRC/rt_Event.o
                               0x2df7 (size before relaxing)
 .debug_str     0x0009929b      0x131 Dave/Generated/src/RTOS001/SRC/rt_List.o
                               0x2e75 (size before relaxing)
 .debug_str     0x000993cc       0xad Dave/Generated/src/RTOS001/SRC/rt_Mailbox.o
                               0x2e55 (size before relaxing)
 .debug_str     0x00099479       0x62 Dave/Generated/src/RTOS001/SRC/rt_MemBox.o
                               0x2c06 (size before relaxing)
 .debug_str     0x000994db       0x81 Dave/Generated/src/RTOS001/SRC/rt_Memory.o
                               0x23c8 (size before relaxing)
 .debug_str     0x0009955c       0x62 Dave/Generated/src/RTOS001/SRC/rt_Mutex.o
                               0x2d83 (size before relaxing)
 .debug_str     0x000995be       0x69 Dave/Generated/src/RTOS001/SRC/rt_Robin.o
                               0x2d63 (size before relaxing)
 .debug_str     0x00099627       0x8d Dave/Generated/src/RTOS001/SRC/rt_Semaphore.o
                               0x2ddc (size before relaxing)
 .debug_str     0x000996b4      0x11b Dave/Generated/src/RTOS001/SRC/rt_System.o
                               0x2f00 (size before relaxing)
 .debug_str     0x000997cf      0x173 Dave/Generated/src/RTOS001/SRC/rt_Task.o
                               0x2f78 (size before relaxing)
 .debug_str     0x00099942       0x66 Dave/Generated/src/RTOS001/SRC/rt_Time.o
                               0x2673 (size before relaxing)
 .debug_str     0x000999a8       0x7b Dave/Generated/src/RTOS001/SRC/rt_Timer.o
                               0x2538 (size before relaxing)
 .debug_str     0x00099a23      0x36d Dave/Generated/src/RTOS001/RTX_Conf_CM.o
                               0x3f87 (size before relaxing)
 .debug_str     0x00099d90      0x225 Dave/Generated/src/RESET001/RESET001.o
                              0x907be (size before relaxing)
 .debug_str     0x00099fb5       0x28 Dave/Generated/src/LIBS/CCU8PWMLIB.o
                              0x939d8 (size before relaxing)
 .debug_str     0x00099fdd       0x26 Dave/Generated/src/LIBS/MOTORLIB.o
                              0x939d6 (size before relaxing)
 .debug_str     0x0009a003      0x156 Dave/Generated/src/IO004/IO004.o
                              0x93bdd (size before relaxing)
 .debug_str     0x0009a159       0x29 Dave/Generated/src/IO004/IO004_Conf.o
                              0x93aa4 (size before relaxing)
 .debug_str     0x0009a182       0x75 Dave/Generated/src/DAVESupport/DAVE3.o
                              0x93ab3 (size before relaxing)
 .debug_str     0x0009a1f7       0x66 Dave/Generated/src/DAVESupport/MULTIPLEXER.o
                              0x93ba0 (size before relaxing)
 .debug_str     0x0009a25d      0x1a6 Dave/Generated/src/CLK001/CLK001.o
                              0x90a47 (size before relaxing)

.debug_loc      0x00000000     0x2934
 *(.debug_loc)
 .debug_loc     0x00000000       0xa8 Startup/system_XMC4500.o
 .debug_loc     0x000000a8       0x9c Main.o
 .debug_loc     0x00000144      0x388 Lib/System_LibcStubs.o
 .debug_loc     0x000004cc      0x2f8 Dave/Generated/src/UART002/UART002.o
 .debug_loc     0x000007c4       0xe0 Dave/Generated/src/RTOS001/SRC/HAL_CM.o
 .debug_loc     0x000008a4      0xaf0 Dave/Generated/src/RTOS001/SRC/rt_CMSIS.o
 .debug_loc     0x00001394      0x144 Dave/Generated/src/RTOS001/SRC/rt_Event.o
 .debug_loc     0x000014d8      0x268 Dave/Generated/src/RTOS001/SRC/rt_List.o
 .debug_loc     0x00001740      0x188 Dave/Generated/src/RTOS001/SRC/rt_Mailbox.o
 .debug_loc     0x000018c8       0xe0 Dave/Generated/src/RTOS001/SRC/rt_MemBox.o
 .debug_loc     0x000019a8       0xa8 Dave/Generated/src/RTOS001/SRC/rt_Memory.o
 .debug_loc     0x00001a50       0xe0 Dave/Generated/src/RTOS001/SRC/rt_Mutex.o
 .debug_loc     0x00001b30       0x64 Dave/Generated/src/RTOS001/SRC/rt_Robin.o
 .debug_loc     0x00001b94      0x150 Dave/Generated/src/RTOS001/SRC/rt_Semaphore.o
 .debug_loc     0x00001ce4      0x2c4 Dave/Generated/src/RTOS001/SRC/rt_System.o
 .debug_loc     0x00001fa8      0x2c0 Dave/Generated/src/RTOS001/SRC/rt_Task.o
 .debug_loc     0x00002268       0xd4 Dave/Generated/src/RTOS001/SRC/rt_Time.o
 .debug_loc     0x0000233c       0xa8 Dave/Generated/src/RTOS001/SRC/rt_Timer.o
 .debug_loc     0x000023e4       0x9c Dave/Generated/src/RTOS001/RTX_Conf_CM.o
 .debug_loc     0x00002480      0x118 Dave/Generated/src/RESET001/RESET001.o
 .debug_loc     0x00002598       0x9c Dave/Generated/src/IO004/IO004.o
 .debug_loc     0x00002634       0xbc Dave/Generated/src/DAVESupport/DAVE3.o
 .debug_loc     0x000026f0       0x64 Dave/Generated/src/DAVESupport/MULTIPLEXER.o
 .debug_loc     0x00002754      0x1e0 Dave/Generated/src/CLK001/CLK001.o

.debug_macinfo
 *(.debug_macinfo)

.debug_ranges   0x00000000      0x868
 *(.debug_ranges)
 .debug_ranges  0x00000000       0x30 Startup/startup_XMC4500.o
 .debug_ranges  0x00000030       0x20 Startup/system_XMC4500.o
 .debug_ranges  0x00000050       0x20 Main.o
 .debug_ranges  0x00000070       0x90 Lib/System_LibcStubs.o
 .debug_ranges  0x00000100       0x78 Dave/Generated/src/UART002/UART002.o
 .debug_ranges  0x00000178       0x28 Dave/Generated/src/RTOS001/SRC/HAL_CM.o
 .debug_ranges  0x000001a0      0x2f8 Dave/Generated/src/RTOS001/SRC/rt_CMSIS.o
 .debug_ranges  0x00000498       0x38 Dave/Generated/src/RTOS001/SRC/rt_Event.o
 .debug_ranges  0x000004d0       0x60 Dave/Generated/src/RTOS001/SRC/rt_List.o
 .debug_ranges  0x00000530       0x40 Dave/Generated/src/RTOS001/SRC/rt_Mailbox.o
 .debug_ranges  0x00000570       0x28 Dave/Generated/src/RTOS001/SRC/rt_MemBox.o
 .debug_ranges  0x00000598       0x20 Dave/Generated/src/RTOS001/SRC/rt_Memory.o
 .debug_ranges  0x000005b8       0x28 Dave/Generated/src/RTOS001/SRC/rt_Mutex.o
 .debug_ranges  0x000005e0       0x18 Dave/Generated/src/RTOS001/SRC/rt_Robin.o
 .debug_ranges  0x000005f8       0x38 Dave/Generated/src/RTOS001/SRC/rt_Semaphore.o
 .debug_ranges  0x00000630       0x80 Dave/Generated/src/RTOS001/SRC/rt_System.o
 .debug_ranges  0x000006b0       0x70 Dave/Generated/src/RTOS001/SRC/rt_Task.o
 .debug_ranges  0x00000720       0x28 Dave/Generated/src/RTOS001/SRC/rt_Time.o
 .debug_ranges  0x00000748       0x20 Dave/Generated/src/RTOS001/SRC/rt_Timer.o
 .debug_ranges  0x00000768       0x20 Dave/Generated/src/RTOS001/RTX_Conf_CM.o
 .debug_ranges  0x00000788       0x30 Dave/Generated/src/RESET001/RESET001.o
 .debug_ranges  0x000007b8       0x20 Dave/Generated/src/IO004/IO004.o
 .debug_ranges  0x000007d8       0x28 Dave/Generated/src/DAVESupport/DAVE3.o
 .debug_ranges  0x00000800       0x18 Dave/Generated/src/DAVESupport/MULTIPLEXER.o
 .debug_ranges  0x00000818       0x50 Dave/Generated/src/CLK001/CLK001.o

.debug_weaknames
 *(.debug_weaknames)

.debug_funcnames
 *(.debug_funcnames)

.debug_typenames
 *(.debug_typenames)

.debug_varnames
 *(.debug_varnames)

.build_attributes
                0x00000000      0x718
 *(.ARM.attributes)
 .ARM.attributes
                0x00000000       0x27 Startup/startup_XMC4500.o
 .ARM.attributes
                0x00000027       0x39 Startup/system_XMC4500.o
 .ARM.attributes
                0x00000060       0x39 Main.o
 .ARM.attributes
                0x00000099       0x39 Lib/System_LibcStubs.o
 .ARM.attributes
                0x000000d2       0x39 Dave/Generated/src/UART002/UART002.o
 .ARM.attributes
                0x0000010b       0x39 Dave/Generated/src/UART002/UART002_Conf.o
 .ARM.attributes
                0x00000144       0x39 Dave/Generated/src/RTOS001/SRC/HAL_CM.o
 .ARM.attributes
                0x0000017d       0x27 Dave/Generated/src/RTOS001/SRC/HAL_CM4.o
 .ARM.attributes
                0x000001a4       0x39 Dave/Generated/src/RTOS001/SRC/HAL_CM4_armcc.o
 .ARM.attributes
                0x000001dd       0x27 Dave/Generated/src/RTOS001/SRC/SVC_Table.o
 .ARM.attributes
                0x00000204       0x39 Dave/Generated/src/RTOS001/SRC/rt_CMSIS.o
 .ARM.attributes
                0x0000023d       0x39 Dave/Generated/src/RTOS001/SRC/rt_Event.o
 .ARM.attributes
                0x00000276       0x39 Dave/Generated/src/RTOS001/SRC/rt_List.o
 .ARM.attributes
                0x000002af       0x39 Dave/Generated/src/RTOS001/SRC/rt_Mailbox.o
 .ARM.attributes
                0x000002e8       0x39 Dave/Generated/src/RTOS001/SRC/rt_MemBox.o
 .ARM.attributes
                0x00000321       0x39 Dave/Generated/src/RTOS001/SRC/rt_Memory.o
 .ARM.attributes
                0x0000035a       0x39 Dave/Generated/src/RTOS001/SRC/rt_Mutex.o
 .ARM.attributes
                0x00000393       0x39 Dave/Generated/src/RTOS001/SRC/rt_Robin.o
 .ARM.attributes
                0x000003cc       0x39 Dave/Generated/src/RTOS001/SRC/rt_Semaphore.o
 .ARM.attributes
                0x00000405       0x39 Dave/Generated/src/RTOS001/SRC/rt_System.o
 .ARM.attributes
                0x0000043e       0x39 Dave/Generated/src/RTOS001/SRC/rt_Task.o
 .ARM.attributes
                0x00000477       0x39 Dave/Generated/src/RTOS001/SRC/rt_Time.o
 .ARM.attributes
                0x000004b0       0x39 Dave/Generated/src/RTOS001/SRC/rt_Timer.o
 .ARM.attributes
                0x000004e9       0x39 Dave/Generated/src/RTOS001/RTX_Conf_CM.o
 .ARM.attributes
                0x00000522       0x39 Dave/Generated/src/RESET001/RESET001.o
 .ARM.attributes
                0x0000055b       0x39 Dave/Generated/src/LIBS/CCU8PWMLIB.o
 .ARM.attributes
                0x00000594       0x39 Dave/Generated/src/LIBS/MOTORLIB.o
 .ARM.attributes
                0x000005cd       0x39 Dave/Generated/src/IO004/IO004.o
 .ARM.attributes
                0x00000606       0x39 Dave/Generated/src/IO004/IO004_Conf.o
 .ARM.attributes
                0x0000063f       0x39 Dave/Generated/src/DAVESupport/DAVE3.o
 .ARM.attributes
                0x00000678       0x39 Dave/Generated/src/DAVESupport/MULTIPLEXER.o
 .ARM.attributes
                0x000006b1       0x39 Dave/Generated/src/CLK001/CLK001.o
 .ARM.attributes
                0x000006ea       0x2e c:/dave-3.1.10/arm-gcc/bin/../lib/gcc/arm-none-eabi/4.7.4/../../../../arm-none-eabi/lib/armv7e-m\libg.a(lib_a-init.o)
OUTPUT(DAVE4500.elf elf32-littlearm)

.debug_macro    0x00000000    0x1a29e
 .debug_macro   0x00000000      0x17e Startup/system_XMC4500.o
 .debug_macro   0x0000017e      0x814 Startup/system_XMC4500.o
 .debug_macro   0x00000992       0x3a Startup/system_XMC4500.o
 .debug_macro   0x000009cc       0x10 Startup/system_XMC4500.o
 .debug_macro   0x000009dc       0x2e Startup/system_XMC4500.o
 .debug_macro   0x00000a0a       0xa3 Startup/system_XMC4500.o
 .debug_macro   0x00000aad      0x20e Startup/system_XMC4500.o
 .debug_macro   0x00000cbb       0x6a Startup/system_XMC4500.o
 .debug_macro   0x00000d25       0x2d Startup/system_XMC4500.o
 .debug_macro   0x00000d52       0x3b Startup/system_XMC4500.o
 .debug_macro   0x00000d8d       0x2d Startup/system_XMC4500.o
 .debug_macro   0x00000dba       0x42 Startup/system_XMC4500.o
 .debug_macro   0x00000dfc      0xd39 Startup/system_XMC4500.o
 .debug_macro   0x00001b35    0x150f5 Startup/system_XMC4500.o
 .debug_macro   0x00016c2a      0x208 Main.o
 .debug_macro   0x00016e32       0x70 Main.o
 .debug_macro   0x00016ea2      0x16c Main.o
 .debug_macro   0x0001700e       0x22 Main.o
 .debug_macro   0x00017030      0x54a Main.o
 .debug_macro   0x0001757a       0x64 Main.o
 .debug_macro   0x000175de       0x46 Main.o
 .debug_macro   0x00017624      0x160 Main.o
 .debug_macro   0x00017784       0x2d Main.o
 .debug_macro   0x000177b1      0x130 Main.o
 .debug_macro   0x000178e1       0x7f Main.o
 .debug_macro   0x00017960       0xb4 Main.o
 .debug_macro   0x00017a14       0x5f Main.o
 .debug_macro   0x00017a73       0x7b Main.o
 .debug_macro   0x00017aee       0x8a Main.o
 .debug_macro   0x00017b78       0x3a Main.o
 .debug_macro   0x00017bb2       0x52 Main.o
 .debug_macro   0x00017c04       0x43 Main.o
 .debug_macro   0x00017c47       0x22 Main.o
 .debug_macro   0x00017c69       0x91 Main.o
 .debug_macro   0x00017cfa       0x1c Main.o
 .debug_macro   0x00017d16       0x16 Main.o
 .debug_macro   0x00017d2c      0x119 Lib/System_LibcStubs.o
 .debug_macro   0x00017e45       0x19 Lib/System_LibcStubs.o
 .debug_macro   0x00017e5e      0x16d Lib/System_LibcStubs.o
 .debug_macro   0x00017fcb       0x10 Lib/System_LibcStubs.o
 .debug_macro   0x00017fdb       0x16 Lib/System_LibcStubs.o
 .debug_macro   0x00017ff1       0x89 Lib/System_LibcStubs.o
 .debug_macro   0x0001807a       0x10 Lib/System_LibcStubs.o
 .debug_macro   0x0001808a       0xf5 Lib/System_LibcStubs.o
 .debug_macro   0x0001817f       0x34 Lib/System_LibcStubs.o
 .debug_macro   0x000181b3      0x120 Lib/System_LibcStubs.o
 .debug_macro   0x000182d3       0x16 Lib/System_LibcStubs.o
 .debug_macro   0x000182e9       0x35 Lib/System_LibcStubs.o
 .debug_macro   0x0001831e      0x495 Lib/System_LibcStubs.o
 .debug_macro   0x000187b3      0x217 Dave/Generated/src/UART002/UART002.o
 .debug_macro   0x000189ca      0x1fc Dave/Generated/src/UART002/UART002_Conf.o
 .debug_macro   0x00018bc6       0x2c Dave/Generated/src/RTOS001/SRC/HAL_CM.o
 .debug_macro   0x00018bf2       0x25 Dave/Generated/src/RTOS001/SRC/HAL_CM.o
 .debug_macro   0x00018c17       0x3a Dave/Generated/src/RTOS001/SRC/HAL_CM.o
 .debug_macro   0x00018c51      0x128 Dave/Generated/src/RTOS001/SRC/HAL_CM.o
 .debug_macro   0x00018d79       0x11 Dave/Generated/src/RTOS001/SRC/HAL_CM4_armcc.o
 .debug_macro   0x00018d8a      0x20a Dave/Generated/src/RTOS001/SRC/rt_CMSIS.o
 .debug_macro   0x00018f94       0x6a Dave/Generated/src/RTOS001/SRC/rt_CMSIS.o
 .debug_macro   0x00018ffe       0x28 Dave/Generated/src/RTOS001/SRC/rt_CMSIS.o
 .debug_macro   0x00019026       0x10 Dave/Generated/src/RTOS001/SRC/rt_CMSIS.o
 .debug_macro   0x00019036       0x4c Dave/Generated/src/RTOS001/SRC/rt_Event.o
 .debug_macro   0x00019082       0x4c Dave/Generated/src/RTOS001/SRC/rt_List.o
 .debug_macro   0x000190ce       0x55 Dave/Generated/src/RTOS001/SRC/rt_Mailbox.o
 .debug_macro   0x00019123       0x3f Dave/Generated/src/RTOS001/SRC/rt_MemBox.o
 .debug_macro   0x00019162       0x1e Dave/Generated/src/RTOS001/SRC/rt_Memory.o
 .debug_macro   0x00019180       0x42 Dave/Generated/src/RTOS001/SRC/rt_Mutex.o
 .debug_macro   0x000191c2       0x46 Dave/Generated/src/RTOS001/SRC/rt_Robin.o
 .debug_macro   0x00019208       0x4c Dave/Generated/src/RTOS001/SRC/rt_Semaphore.o
 .debug_macro   0x00019254       0x66 Dave/Generated/src/RTOS001/SRC/rt_System.o
 .debug_macro   0x000192ba       0x55 Dave/Generated/src/RTOS001/SRC/rt_Task.o
 .debug_macro   0x0001930f       0x30 Dave/Generated/src/RTOS001/SRC/rt_Time.o
 .debug_macro   0x0001933f       0x30 Dave/Generated/src/RTOS001/SRC/rt_Timer.o
 .debug_macro   0x0001936f      0x118 Dave/Generated/src/RTOS001/RTX_Conf_CM.o
 .debug_macro   0x00019487       0x3a Dave/Generated/src/RTOS001/RTX_Conf_CM.o
 .debug_macro   0x000194c1       0xff Dave/Generated/src/RESET001/RESET001.o
 .debug_macro   0x000195c0      0x200 Dave/Generated/src/LIBS/CCU8PWMLIB.o
 .debug_macro   0x000197c0      0x200 Dave/Generated/src/LIBS/MOTORLIB.o
 .debug_macro   0x000199c0      0x1fc Dave/Generated/src/IO004/IO004.o
 .debug_macro   0x00019bbc      0x1fc Dave/Generated/src/IO004/IO004_Conf.o
 .debug_macro   0x00019db8      0x1fc Dave/Generated/src/DAVESupport/DAVE3.o
 .debug_macro   0x00019fb4      0x1fc Dave/Generated/src/DAVESupport/MULTIPLEXER.o
 .debug_macro   0x0001a1b0       0xee Dave/Generated/src/CLK001/CLK001.o

.svc_table      0x00000000        0x4
 .svc_table     0x00000000        0x4 Dave/Generated/src/RTOS001/SRC/SVC_Table.o
                0x00000000                SVC_Table
                0x00000000                SVC_Count
