Archive member included because of file (symbol)

c:/dave-3.1.10/arm-gcc/bin/../lib/gcc/arm-none-eabi/4.7.4/../../../../arm-none-eabi/lib/armv7e-m\libc.a(lib_a-init.o)
                              Startup/startup_XMC4500.o (__libc_init_array)

Allocating common symbols
Common symbol       size              file

os_robin            0x8               Dave/Generated/src/RTOS001/SRC/rt_Robin.o
os_initialized      0x1               Dave/Generated/src/RTOS001/SRC/rt_CMSIS.o
AppDynamicData0     0x14              Dave/Generated/src/UART002/UART002_Conf.o
mp_stk              0x588             Dave/Generated/src/RTOS001/RTX_Conf_CM.o
os_active_TCB       0x1c              Dave/Generated/src/RTOS001/RTX_Conf_CM.o
os_stack_mem        0x18              Dave/Generated/src/RTOS001/RTX_Conf_CM.o
os_tmr              0x8               Dave/Generated/src/RTOS001/SRC/rt_Timer.o
os_running          0x1               Dave/Generated/src/RTOS001/SRC/rt_CMSIS.o
os_fifo             0x84              Dave/Generated/src/RTOS001/RTX_Conf_CM.o
osMessageQId_osTimerMessageQ
                    0x4               Dave/Generated/src/RTOS001/RTX_Conf_CM.o
os_tsk              0x8               Dave/Generated/src/RTOS001/SRC/rt_Task.o
os_idle_TCB         0x34              Dave/Generated/src/RTOS001/SRC/rt_Task.o
os_timer_head       0x4               Dave/Generated/src/RTOS001/SRC/rt_CMSIS.o
os_rdy              0x18              Dave/Generated/src/RTOS001/SRC/rt_List.o
threadA_id          0x4               Main.o
os_time             0x4               Dave/Generated/src/RTOS001/SRC/rt_Time.o
os_dly              0x18              Dave/Generated/src/RTOS001/SRC/rt_List.o
os_tick_irqn        0x4               Dave/Generated/src/RTOS001/SRC/rt_System.o
mp_tcb              0x178             Dave/Generated/src/RTOS001/RTX_Conf_CM.o
threadB_id          0x4               Main.o
osThreadId_osTimerThread
                    0x4               Dave/Generated/src/RTOS001/RTX_Conf_CM.o

Discarded input sections

 .comment       0x00000000       0x71 Startup/system_XMC4500.o
 .comment       0x00000000       0x71 Main.o
 .comment       0x00000000       0x71 Lib/System_LibcStubs.o
 .comment       0x00000000       0x71 Dave/Generated/src/UART002/UART002.o
 .comment       0x00000000       0x71 Dave/Generated/src/UART002/UART002_Conf.o
 .comment       0x00000000       0x71 Dave/Generated/src/RTOS001/SRC/HAL_CM.o
 .comment       0x00000000       0x71 Dave/Generated/src/RTOS001/SRC/HAL_CM4_armcc.o
 .comment       0x00000000       0x71 Dave/Generated/src/RTOS001/SRC/rt_CMSIS.o
 .comment       0x00000000       0x71 Dave/Generated/src/RTOS001/SRC/rt_Event.o
 .comment       0x00000000       0x71 Dave/Generated/src/RTOS001/SRC/rt_List.o
 .comment       0x00000000       0x71 Dave/Generated/src/RTOS001/SRC/rt_Mailbox.o
 .comment       0x00000000       0x71 Dave/Generated/src/RTOS001/SRC/rt_MemBox.o
 .comment       0x00000000       0x71 Dave/Generated/src/RTOS001/SRC/rt_Memory.o
 .comment       0x00000000       0x71 Dave/Generated/src/RTOS001/SRC/rt_Mutex.o
 .comment       0x00000000       0x71 Dave/Generated/src/RTOS001/SRC/rt_Robin.o
 .comment       0x00000000       0x71 Dave/Generated/src/RTOS001/SRC/rt_Semaphore.o
 .comment       0x00000000       0x71 Dave/Generated/src/RTOS001/SRC/rt_System.o
 .comment       0x00000000       0x71 Dave/Generated/src/RTOS001/SRC/rt_Task.o
 .comment       0x00000000       0x71 Dave/Generated/src/RTOS001/SRC/rt_Time.o
 .comment       0x00000000       0x71 Dave/Generated/src/RTOS001/SRC/rt_Timer.o
 .comment       0x00000000       0x71 Dave/Generated/src/RTOS001/RTX_Conf_CM.o
 .comment       0x00000000       0x71 Dave/Generated/src/RESET001/RESET001.o
 .comment       0x00000000       0x71 Dave/Generated/src/LIBS/CCU8PWMLIB.o
 .comment       0x00000000       0x71 Dave/Generated/src/LIBS/MOTORLIB.o
 .comment       0x00000000       0x71 Dave/Generated/src/IO004/IO004.o
 .comment       0x00000000       0x71 Dave/Generated/src/IO004/IO004_Conf.o
 .comment       0x00000000       0x71 Dave/Generated/src/DAVESupport/DAVE3.o
 .comment       0x00000000       0x71 Dave/Generated/src/DAVESupport/MULTIPLEXER.o
 .comment       0x00000000       0x71 Dave/Generated/src/CLK001/CLK001.o

Memory Configuration

Name             Origin             Length             Attributes
FLASH_1_cached   0x08000000         0x00100000         xr
FLASH_1_uncached 0x0c000000         0x00100000         xr
PSRAM_1          0x10000000         0x00010000         !xr
DSRAM_1_system   0x20000000         0x00010000         !xr
DSRAM_2_comm     0x30000000         0x00008000         !xr
*default*        0x00000000         0xffffffff

Linker script and memory map

LOAD Startup/startup_XMC4500.o
LOAD Startup/system_XMC4500.o
LOAD Main.o
LOAD Lib/System_LibcStubs.o
LOAD Dave/Generated/src/UART002/UART002.o
LOAD Dave/Generated/src/UART002/UART002_Conf.o
LOAD Dave/Generated/src/RTOS001/SRC/HAL_CM.o
LOAD Dave/Generated/src/RTOS001/SRC/HAL_CM4.o
LOAD Dave/Generated/src/RTOS001/SRC/HAL_CM4_armcc.o
LOAD Dave/Generated/src/RTOS001/SRC/SVC_Table.o
LOAD Dave/Generated/src/RTOS001/SRC/rt_CMSIS.o
LOAD Dave/Generated/src/RTOS001/SRC/rt_Event.o
LOAD Dave/Generated/src/RTOS001/SRC/rt_List.o
LOAD Dave/Generated/src/RTOS001/SRC/rt_Mailbox.o
LOAD Dave/Generated/src/RTOS001/SRC/rt_MemBox.o
LOAD Dave/Generated/src/RTOS001/SRC/rt_Memory.o
LOAD Dave/Generated/src/RTOS001/SRC/rt_Mutex.o
LOAD Dave/Generated/src/RTOS001/SRC/rt_Robin.o
LOAD Dave/Generated/src/RTOS001/SRC/rt_Semaphore.o
LOAD Dave/Generated/src/RTOS001/SRC/rt_System.o
LOAD Dave/Generated/src/RTOS001/SRC/rt_Task.o
LOAD Dave/Generated/src/RTOS001/SRC/rt_Time.o
LOAD Dave/Generated/src/RTOS001/SRC/rt_Timer.o
LOAD Dave/Generated/src/RTOS001/RTX_Conf_CM.o
LOAD Dave/Generated/src/RESET001/RESET001.o
LOAD Dave/Generated/src/LIBS/CCU8PWMLIB.o
LOAD Dave/Generated/src/LIBS/MOTORLIB.o
LOAD Dave/Generated/src/IO004/IO004.o
LOAD Dave/Generated/src/IO004/IO004_Conf.o
LOAD Dave/Generated/src/DAVESupport/DAVE3.o
LOAD Dave/Generated/src/DAVESupport/MULTIPLEXER.o
LOAD Dave/Generated/src/CLK001/CLK001.o
START GROUP
LOAD c:/dave-3.1.10/arm-gcc/bin/../lib/gcc/arm-none-eabi/4.7.4/armv7e-m\libgcc.a
LOAD c:/dave-3.1.10/arm-gcc/bin/../lib/gcc/arm-none-eabi/4.7.4/../../../../arm-none-eabi/lib/armv7e-m\libc.a
END GROUP
                0x00000800                stack_size = 0x800

.text           0x08000000     0x3a18 load address 0x0c000000
                0x08000000                sText = .
 *(.Xmc4500.reset)
 .Xmc4500.reset
                0x08000000      0x21c Startup/startup_XMC4500.o
                0x08000000                __Xmc4500_interrupt_vector_cortex_m
                0x08000200                __Xmc4500_reset_cortex_m
 *(.Xmc4500.postreset)
 .Xmc4500.postreset
                0x0800021c       0xa8 Startup/startup_XMC4500.o
 *(.XmcStartup)
 .XmcStartup    0x080002c4        0x4 Startup/startup_XMC4500.o
 *(.text .text.* .gnu.linkonce.t.*)
 .text          0x080002c8       0xe2 Startup/startup_XMC4500.o
                0x080002c8                NMI_Handler
                0x080002ca                HardFault_Handler
                0x080002cc                MemManage_Handler
                0x080002ce                BusFault_Handler
                0x080002d0                UsageFault_Handler
                0x080002d4                DebugMon_Handler
                0x080002da                SCU_0_IRQHandler
                0x080002dc                ERU0_0_IRQHandler
                0x080002de                ERU0_1_IRQHandler
                0x080002e0                ERU0_2_IRQHandler
                0x080002e2                ERU0_3_IRQHandler
                0x080002e4                ERU1_0_IRQHandler
                0x080002e6                ERU1_1_IRQHandler
                0x080002e8                ERU1_2_IRQHandler
                0x080002ea                ERU1_3_IRQHandler
                0x080002ec                PMU0_0_IRQHandler
                0x080002ee                VADC0_C0_0_IRQHandler
                0x080002f0                VADC0_C0_1_IRQHandler
                0x080002f2                VADC0_C0_2_IRQHandler
                0x080002f4                VADC0_C0_3_IRQHandler
                0x080002f6                VADC0_G0_0_IRQHandler
                0x080002f8                VADC0_G0_1_IRQHandler
                0x080002fa                VADC0_G0_2_IRQHandler
                0x080002fc                VADC0_G0_3_IRQHandler
                0x080002fe                VADC0_G1_0_IRQHandler
                0x08000300                VADC0_G1_1_IRQHandler
                0x08000302                VADC0_G1_2_IRQHandler
                0x08000304                VADC0_G1_3_IRQHandler
                0x08000306                VADC0_G2_0_IRQHandler
                0x08000308                VADC0_G2_1_IRQHandler
                0x0800030a                VADC0_G2_2_IRQHandler
                0x0800030c                VADC0_G2_3_IRQHandler
                0x0800030e                VADC0_G3_0_IRQHandler
                0x08000310                VADC0_G3_1_IRQHandler
                0x08000312                VADC0_G3_2_IRQHandler
                0x08000314                VADC0_G3_3_IRQHandler
                0x08000316                DSD0_0_IRQHandler
                0x08000318                DSD0_1_IRQHandler
                0x0800031a                DSD0_2_IRQHandler
                0x0800031c                DSD0_3_IRQHandler
                0x0800031e                DSD0_4_IRQHandler
                0x08000320                DSD0_5_IRQHandler
                0x08000322                DSD0_6_IRQHandler
                0x08000324                DSD0_7_IRQHandler
                0x08000326                DAC0_0_IRQHandler
                0x08000328                DAC0_1_IRQHandler
                0x0800032a                CCU40_0_IRQHandler
                0x0800032c                CCU40_1_IRQHandler
                0x0800032e                CCU40_2_IRQHandler
                0x08000330                CCU40_3_IRQHandler
                0x08000332                CCU41_0_IRQHandler
                0x08000334                CCU41_1_IRQHandler
                0x08000336                CCU41_2_IRQHandler
                0x08000338                CCU41_3_IRQHandler
                0x0800033a                CCU42_0_IRQHandler
                0x0800033c                CCU42_1_IRQHandler
                0x0800033e                CCU42_2_IRQHandler
                0x08000340                CCU42_3_IRQHandler
                0x08000342                CCU43_0_IRQHandler
                0x08000344                CCU43_1_IRQHandler
                0x08000346                CCU43_2_IRQHandler
                0x08000348                CCU43_3_IRQHandler
                0x0800034a                CCU80_0_IRQHandler
                0x0800034c                CCU80_1_IRQHandler
                0x0800034e                CCU80_2_IRQHandler
                0x08000350                CCU80_3_IRQHandler
                0x08000352                CCU81_0_IRQHandler
                0x08000354                CCU81_1_IRQHandler
                0x08000356                CCU81_2_IRQHandler
                0x08000358                CCU81_3_IRQHandler
                0x0800035a                POSIF0_0_IRQHandler
                0x0800035c                POSIF0_1_IRQHandler
                0x0800035e                POSIF1_0_IRQHandler
                0x08000360                POSIF1_1_IRQHandler
                0x08000362                CAN0_0_IRQHandler
                0x08000364                CAN0_1_IRQHandler
                0x08000366                CAN0_2_IRQHandler
                0x08000368                CAN0_3_IRQHandler
                0x0800036a                CAN0_4_IRQHandler
                0x0800036c                CAN0_5_IRQHandler
                0x0800036e                CAN0_6_IRQHandler
                0x08000370                CAN0_7_IRQHandler
                0x08000372                USIC0_0_IRQHandler
                0x08000374                USIC0_1_IRQHandler
                0x08000376                USIC0_2_IRQHandler
                0x0800037a                USIC0_4_IRQHandler
                0x0800037e                USIC1_0_IRQHandler
                0x08000380                USIC1_1_IRQHandler
                0x08000382                USIC1_2_IRQHandler
                0x08000384                USIC1_3_IRQHandler
                0x08000386                USIC1_4_IRQHandler
                0x08000388                USIC1_5_IRQHandler
                0x0800038a                USIC2_0_IRQHandler
                0x0800038c                USIC2_1_IRQHandler
                0x0800038e                USIC2_2_IRQHandler
                0x08000390                USIC2_3_IRQHandler
                0x08000392                USIC2_4_IRQHandler
                0x08000394                USIC2_5_IRQHandler
                0x08000396                LEDTS0_0_IRQHandler
                0x08000398                FCE0_0_IRQHandler
                0x0800039a                GPDMA0_0_IRQHandler
                0x0800039c                SDMMC0_0_IRQHandler
                0x0800039e                USB0_0_IRQHandler
                0x080003a0                ETH0_0_IRQHandler
                0x080003a2                GPDMA1_0_IRQHandler
 .text          0x080003aa        0x0 Startup/system_XMC4500.o
 *fill*         0x080003aa        0x2 00
 .text.SystemCoreClockUpdate
                0x080003ac       0x70 Startup/system_XMC4500.o
                0x080003ac                SystemCoreClockUpdate
 .text.SystemInit
                0x0800041c      0x204 Startup/system_XMC4500.o
                0x0800041c                SystemInit
 .text          0x08000620        0x0 Main.o
 .text.threadB  0x08000620       0x68 Main.o
                0x08000620                threadB
 .text.threadA  0x08000688       0x60 Main.o
                0x08000688                threadA
 .text.startup.main
                0x080006e8       0x3c Main.o
                0x080006e8                main
 .text          0x08000724        0x0 Lib/System_LibcStubs.o
 .text._open    0x08000724        0x6 Lib/System_LibcStubs.o
                0x08000724                _open
 .text._lseek   0x0800072a        0x6 Lib/System_LibcStubs.o
                0x0800072a                _lseek
 .text._read    0x08000730        0x4 Lib/System_LibcStubs.o
                0x08000730                _read
 .text._write   0x08000734        0x6 Lib/System_LibcStubs.o
                0x08000734                _write
 .text._close   0x0800073a        0x6 Lib/System_LibcStubs.o
                0x0800073a                _close
 .text._fstat   0x08000740        0xe Lib/System_LibcStubs.o
                0x08000740                _fstat
 .text._link    0x0800074e        0xe Lib/System_LibcStubs.o
                0x0800074e                _link
 .text._unlink  0x0800075c        0x6 Lib/System_LibcStubs.o
                0x0800075c                _unlink
 *fill*         0x08000762        0x2 00
 .text._sbrk    0x08000764       0x38 Lib/System_LibcStubs.o
                0x08000764                _sbrk
 .text._times   0x0800079c        0x6 Lib/System_LibcStubs.o
                0x0800079c                _times
 .text._wait    0x080007a2        0x6 Lib/System_LibcStubs.o
                0x080007a2                _wait
 .text._kill    0x080007a8        0x6 Lib/System_LibcStubs.o
                0x080007a8                _kill
 .text._fork    0x080007ae        0x6 Lib/System_LibcStubs.o
                0x080007ae                _fork
 .text._getpid  0x080007b4        0x6 Lib/System_LibcStubs.o
                0x080007b4                _getpid
 .text._exit    0x080007ba        0x2 Lib/System_LibcStubs.o
                0x080007ba                _exit
 .text._init    0x080007bc        0x2 Lib/System_LibcStubs.o
                0x080007bc                _init
 .text._isatty  0x080007be        0x6 Lib/System_LibcStubs.o
                0x080007be                _isatty
 .text          0x080007c4        0x0 Dave/Generated/src/UART002/UART002.o
 .text.NVIC_EncodePriority.constprop.0
                0x080007c4       0x24 Dave/Generated/src/UART002/UART002.o
 .text.UART002_lInit
                0x080007e8      0x108 Dave/Generated/src/UART002/UART002.o
                0x080007e8                UART002_lInit
 .text.UART002_Init
                0x080008f0       0x74 Dave/Generated/src/UART002/UART002.o
                0x080008f0                UART002_Init
 .text.UART002_Deinit
                0x08000964        0x2 Dave/Generated/src/UART002/UART002.o
                0x08000964                UART002_Deinit
 .text.UART002_LocalStructureInit
                0x08000966       0x16 Dave/Generated/src/UART002/UART002.o
                0x08000966                UART002_LocalStructureInit
 .text.UART002_StartReception
                0x0800097c       0x9a Dave/Generated/src/UART002/UART002.o
                0x0800097c                UART002_StartReception
 .text.UART002_StartTransmission
                0x08000a16       0x64 Dave/Generated/src/UART002/UART002.o
                0x08000a16                UART002_StartTransmission
 .text.UART002_WaitForCompletion
                0x08000a7a       0x1c Dave/Generated/src/UART002/UART002.o
                0x08000a7a                UART002_WaitForCompletion
 .text.UART002_GetStatus
                0x08000a96        0x4 Dave/Generated/src/UART002/UART002.o
                0x08000a96                UART002_GetStatus
 *fill*         0x08000a9a        0x2 00
 .text.USIC0_5_IRQHandler
                0x08000a9c       0x70 Dave/Generated/src/UART002/UART002.o
                0x08000a9c                USIC0_5_IRQHandler
 .text.USIC0_3_IRQHandler
                0x08000b0c       0xd8 Dave/Generated/src/UART002/UART002.o
                0x08000b0c                USIC0_3_IRQHandler
 .text          0x08000be4        0x0 Dave/Generated/src/UART002/UART002_Conf.o
 .text          0x08000be4        0x0 Dave/Generated/src/RTOS001/SRC/HAL_CM.o
 .text.rt_init_stack
                0x08000be4       0x50 Dave/Generated/src/RTOS001/SRC/HAL_CM.o
                0x08000be4                rt_init_stack
 .text.rt_ret_val
                0x08000c34       0x12 Dave/Generated/src/RTOS001/SRC/HAL_CM.o
                0x08000c34                rt_ret_val
 .text.rt_ret_val2
                0x08000c46       0x16 Dave/Generated/src/RTOS001/SRC/HAL_CM.o
                0x08000c46                rt_ret_val2
 .text          0x08000c5c      0x184 Dave/Generated/src/RTOS001/SRC/HAL_CM4.o
                0x08000c5c                rt_set_PSP
                0x08000c62                rt_get_PSP
                0x08000c68                os_set_env
                0x08000c80                _alloc_box
                0x08000c9c                _free_box
                0x08000cb8                SVC_Handler
                0x08000d4e                PendSV_Handler
                0x08000d54                Sys_Switch
                0x08000dae                SysTick_Handler
                0x08000db8                OS_Tick_Handler
 .text          0x08000de0        0x0 Dave/Generated/src/RTOS001/SRC/HAL_CM4_armcc.o
 .text          0x08000de0        0x0 Dave/Generated/src/RTOS001/SRC/SVC_Table.o
 .text          0x08000de0        0x0 Dave/Generated/src/RTOS001/SRC/rt_CMSIS.o
 .text.rt_ms2tick
                0x08000de0       0x44 Dave/Generated/src/RTOS001/SRC/rt_CMSIS.o
 .text.rt_tid2ptcb
                0x08000e24       0x22 Dave/Generated/src/RTOS001/SRC/rt_CMSIS.o
 *fill*         0x08000e46        0x2 00
 .text.osThreadExit
                0x08000e48       0x18 Dave/Generated/src/RTOS001/SRC/rt_CMSIS.o
                0x08000e48                osThreadExit
 .text.rt_timer_insert
                0x08000e60       0x5e Dave/Generated/src/RTOS001/SRC/rt_CMSIS.o
 .text.rt_timer_remove
                0x08000ebe       0x5a Dave/Generated/src/RTOS001/SRC/rt_CMSIS.o
 .text.isrMessagePut
                0x08000f18       0x3c Dave/Generated/src/RTOS001/SRC/rt_CMSIS.o
 .text.svcKernelStart
                0x08000f54       0x6a Dave/Generated/src/RTOS001/SRC/rt_CMSIS.o
                0x08000f54                svcKernelStart
 .text.svcKernelRunning
                0x08000fbe        0xc Dave/Generated/src/RTOS001/SRC/rt_CMSIS.o
                0x08000fbe                svcKernelRunning
 .text.svcKernelSysTick
                0x08000fca       0x54 Dave/Generated/src/RTOS001/SRC/rt_CMSIS.o
                0x08000fca                svcKernelSysTick
 *fill*         0x0800101e        0x2 00
 .text.osKernelStart
                0x08001020       0x9c Dave/Generated/src/RTOS001/SRC/rt_CMSIS.o
                0x08001020                osKernelStart
 .text.osKernelRunning
                0x080010bc       0x2c Dave/Generated/src/RTOS001/SRC/rt_CMSIS.o
                0x080010bc                osKernelRunning
 .text.osKernelSysTick
                0x080010e8       0x1c Dave/Generated/src/RTOS001/SRC/rt_CMSIS.o
                0x080010e8                osKernelSysTick
 .text.svcThreadCreate
                0x08001104       0xc6 Dave/Generated/src/RTOS001/SRC/rt_CMSIS.o
                0x08001104                svcThreadCreate
 .text.svcThreadGetId
                0x080011ca       0x20 Dave/Generated/src/RTOS001/SRC/rt_CMSIS.o
                0x080011ca                svcThreadGetId
 .text.svcThreadTerminate
                0x080011ea       0x48 Dave/Generated/src/RTOS001/SRC/rt_CMSIS.o
                0x080011ea                svcThreadTerminate
 .text.svcThreadYield
                0x08001232        0xc Dave/Generated/src/RTOS001/SRC/rt_CMSIS.o
                0x08001232                svcThreadYield
 .text.svcThreadSetPriority
                0x0800123e       0x38 Dave/Generated/src/RTOS001/SRC/rt_CMSIS.o
                0x0800123e                svcThreadSetPriority
 .text.svcThreadGetPriority
                0x08001276       0x1a Dave/Generated/src/RTOS001/SRC/rt_CMSIS.o
                0x08001276                svcThreadGetPriority
 .text.osThreadCreate
                0x08001290       0x38 Dave/Generated/src/RTOS001/SRC/rt_CMSIS.o
                0x08001290                osThreadCreate
 .text.osThreadGetId
                0x080012c8       0x1c Dave/Generated/src/RTOS001/SRC/rt_CMSIS.o
                0x080012c8                osThreadGetId
 .text.osThreadTerminate
                0x080012e4       0x1c Dave/Generated/src/RTOS001/SRC/rt_CMSIS.o
                0x080012e4                osThreadTerminate
 .text.osThreadYield
                0x08001300       0x1c Dave/Generated/src/RTOS001/SRC/rt_CMSIS.o
                0x08001300                osThreadYield
 .text.osThreadSetPriority
                0x0800131c       0x1c Dave/Generated/src/RTOS001/SRC/rt_CMSIS.o
                0x0800131c                osThreadSetPriority
 .text.osThreadGetPriority
                0x08001338       0x20 Dave/Generated/src/RTOS001/SRC/rt_CMSIS.o
                0x08001338                osThreadGetPriority
 .text.svcDelay
                0x08001358       0x1a Dave/Generated/src/RTOS001/SRC/rt_CMSIS.o
                0x08001358                svcDelay
 *fill*         0x08001372        0x2 00
 .text.osDelay  0x08001374       0x1c Dave/Generated/src/RTOS001/SRC/rt_CMSIS.o
                0x08001374                osDelay
 .text.osWait   0x08001390        0x8 Dave/Generated/src/RTOS001/SRC/rt_CMSIS.o
                0x08001390                osWait
 .text.svcTimerCreate
                0x08001398       0x52 Dave/Generated/src/RTOS001/SRC/rt_CMSIS.o
                0x08001398                svcTimerCreate
 .text.svcTimerStart
                0x080013ea       0x5e Dave/Generated/src/RTOS001/SRC/rt_CMSIS.o
                0x080013ea                svcTimerStart
 .text.svcTimerStop
                0x08001448       0x36 Dave/Generated/src/RTOS001/SRC/rt_CMSIS.o
                0x08001448                svcTimerStop
 .text.svcTimerDelete
                0x0800147e       0x34 Dave/Generated/src/RTOS001/SRC/rt_CMSIS.o
                0x0800147e                svcTimerDelete
 .text.svcTimerCall
                0x080014b2       0x28 Dave/Generated/src/RTOS001/SRC/rt_CMSIS.o
                0x080014b2                svcTimerCall
 .text.sysTimerTick
                0x080014da       0x5c Dave/Generated/src/RTOS001/SRC/rt_CMSIS.o
                0x080014da                sysTimerTick
 .text.sysUserTimerWakeupTime
                0x08001536       0x16 Dave/Generated/src/RTOS001/SRC/rt_CMSIS.o
                0x08001536                sysUserTimerWakeupTime
 .text.sysUserTimerUpdate
                0x0800154c       0x4c Dave/Generated/src/RTOS001/SRC/rt_CMSIS.o
                0x0800154c                sysUserTimerUpdate
 .text.osTimerCreate
                0x08001598       0x38 Dave/Generated/src/RTOS001/SRC/rt_CMSIS.o
                0x08001598                osTimerCreate
 .text.osTimerStart
                0x080015d0       0x1c Dave/Generated/src/RTOS001/SRC/rt_CMSIS.o
                0x080015d0                osTimerStart
 .text.osTimerStop
                0x080015ec       0x1c Dave/Generated/src/RTOS001/SRC/rt_CMSIS.o
                0x080015ec                osTimerStop
 .text.osTimerDelete
                0x08001608       0x1c Dave/Generated/src/RTOS001/SRC/rt_CMSIS.o
                0x08001608                osTimerDelete
 .text.osTimerCall
                0x08001624       0x18 Dave/Generated/src/RTOS001/SRC/rt_CMSIS.o
                0x08001624                osTimerCall
 .text.svcSignalSet
                0x0800163c       0x2a Dave/Generated/src/RTOS001/SRC/rt_CMSIS.o
                0x0800163c                svcSignalSet
 .text.svcSignalClear
                0x08001666       0x2a Dave/Generated/src/RTOS001/SRC/rt_CMSIS.o
                0x08001666                svcSignalClear
 .text.svcSignalWait
                0x08001690       0x7e Dave/Generated/src/RTOS001/SRC/rt_CMSIS.o
                0x08001690                svcSignalWait
 *fill*         0x0800170e        0x2 00
 .text.osSignalSet
                0x08001710       0x40 Dave/Generated/src/RTOS001/SRC/rt_CMSIS.o
                0x08001710                osSignalSet
 .text.osSignalClear
                0x08001750       0x1c Dave/Generated/src/RTOS001/SRC/rt_CMSIS.o
                0x08001750                osSignalClear
 .text.osSignalWait
                0x0800176c       0x2c Dave/Generated/src/RTOS001/SRC/rt_CMSIS.o
                0x0800176c                osSignalWait
 .text.svcMutexCreate
                0x08001798       0x22 Dave/Generated/src/RTOS001/SRC/rt_CMSIS.o
                0x08001798                svcMutexCreate
 .text.svcMutexWait
                0x080017ba       0x48 Dave/Generated/src/RTOS001/SRC/rt_CMSIS.o
                0x080017ba                svcMutexWait
 .text.svcMutexRelease
                0x08001802       0x30 Dave/Generated/src/RTOS001/SRC/rt_CMSIS.o
                0x08001802                svcMutexRelease
 .text.svcMutexDelete
                0x08001832       0x2c Dave/Generated/src/RTOS001/SRC/rt_CMSIS.o
                0x08001832                svcMutexDelete
 *fill*         0x0800185e        0x2 00
 .text.osMutexCreate
                0x08001860       0x38 Dave/Generated/src/RTOS001/SRC/rt_CMSIS.o
                0x08001860                osMutexCreate
 .text.osMutexWait
                0x08001898       0x1c Dave/Generated/src/RTOS001/SRC/rt_CMSIS.o
                0x08001898                osMutexWait
 .text.osMutexRelease
                0x080018b4       0x1c Dave/Generated/src/RTOS001/SRC/rt_CMSIS.o
                0x080018b4                osMutexRelease
 .text.osMutexDelete
                0x080018d0       0x1c Dave/Generated/src/RTOS001/SRC/rt_CMSIS.o
                0x080018d0                osMutexDelete
 .text.svcSemaphoreCreate
                0x080018ec       0x30 Dave/Generated/src/RTOS001/SRC/rt_CMSIS.o
                0x080018ec                svcSemaphoreCreate
 .text.svcSemaphoreWait
                0x0800191c       0x44 Dave/Generated/src/RTOS001/SRC/rt_CMSIS.o
                0x0800191c                svcSemaphoreWait
 .text.svcSemaphoreRelease
                0x08001960       0x3c Dave/Generated/src/RTOS001/SRC/rt_CMSIS.o
                0x08001960                svcSemaphoreRelease
 .text.svcSemaphoreDelete
                0x0800199c       0x2c Dave/Generated/src/RTOS001/SRC/rt_CMSIS.o
                0x0800199c                svcSemaphoreDelete
 .text.osSemaphoreCreate
                0x080019c8       0x38 Dave/Generated/src/RTOS001/SRC/rt_CMSIS.o
                0x080019c8                osSemaphoreCreate
 .text.osSemaphoreWait
                0x08001a00       0x1c Dave/Generated/src/RTOS001/SRC/rt_CMSIS.o
                0x08001a00                osSemaphoreWait
 .text.osSemaphoreRelease
                0x08001a1c       0x50 Dave/Generated/src/RTOS001/SRC/rt_CMSIS.o
                0x08001a1c                osSemaphoreRelease
 .text.osSemaphoreDelete
                0x08001a6c       0x1c Dave/Generated/src/RTOS001/SRC/rt_CMSIS.o
                0x08001a6c                osSemaphoreDelete
 .text.svcPoolCreate
                0x08001a88       0x42 Dave/Generated/src/RTOS001/SRC/rt_CMSIS.o
                0x08001a88                svcPoolCreate
 .text.sysPoolAlloc
                0x08001aca       0x66 Dave/Generated/src/RTOS001/SRC/rt_CMSIS.o
                0x08001aca                sysPoolAlloc
 .text.sysPoolFree
                0x08001b30       0x18 Dave/Generated/src/RTOS001/SRC/rt_CMSIS.o
                0x08001b30                sysPoolFree
 .text.osPoolCreate
                0x08001b48       0x38 Dave/Generated/src/RTOS001/SRC/rt_CMSIS.o
                0x08001b48                osPoolCreate
 .text.osPoolAlloc
                0x08001b80       0x2c Dave/Generated/src/RTOS001/SRC/rt_CMSIS.o
                0x08001b80                osPoolAlloc
 .text.osPoolCAlloc
                0x08001bac       0x2c Dave/Generated/src/RTOS001/SRC/rt_CMSIS.o
                0x08001bac                osPoolCAlloc
 .text.osPoolFree
                0x08001bd8       0x24 Dave/Generated/src/RTOS001/SRC/rt_CMSIS.o
                0x08001bd8                osPoolFree
 .text.svcMessageCreate
                0x08001bfc       0x40 Dave/Generated/src/RTOS001/SRC/rt_CMSIS.o
                0x08001bfc                svcMessageCreate
 .text.svcKernelInitialize
                0x08001c3c       0xa0 Dave/Generated/src/RTOS001/SRC/rt_CMSIS.o
                0x08001c3c                svcKernelInitialize
 .text.osKernelInitialize
                0x08001cdc       0x2c Dave/Generated/src/RTOS001/SRC/rt_CMSIS.o
                0x08001cdc                osKernelInitialize
 .text.svcMessagePut
                0x08001d08       0x40 Dave/Generated/src/RTOS001/SRC/rt_CMSIS.o
                0x08001d08                svcMessagePut
 .text.svcMessageGet
                0x08001d48       0x62 Dave/Generated/src/RTOS001/SRC/rt_CMSIS.o
                0x08001d48                svcMessageGet
 *fill*         0x08001daa        0x2 00
 .text.osMessageCreate
                0x08001dac       0x38 Dave/Generated/src/RTOS001/SRC/rt_CMSIS.o
                0x08001dac                osMessageCreate
 .text.osMessagePut
                0x08001de4       0x1c Dave/Generated/src/RTOS001/SRC/rt_CMSIS.o
                0x08001de4                osMessagePut
 .text.osMessageGet
                0x08001e00       0x70 Dave/Generated/src/RTOS001/SRC/rt_CMSIS.o
                0x08001e00                osMessageGet
 .text.osTimerThread
                0x08001e70       0x32 Dave/Generated/src/RTOS001/SRC/rt_CMSIS.o
                0x08001e70                osTimerThread
 .text.svcMailCreate
                0x08001ea2       0x84 Dave/Generated/src/RTOS001/SRC/rt_CMSIS.o
                0x08001ea2                svcMailCreate
 .text.sysMailAlloc
                0x08001f26       0xe6 Dave/Generated/src/RTOS001/SRC/rt_CMSIS.o
                0x08001f26                sysMailAlloc
 .text.sysMailFree
                0x0800200c       0x94 Dave/Generated/src/RTOS001/SRC/rt_CMSIS.o
                0x0800200c                sysMailFree
 .text.osMailCreate
                0x080020a0       0x38 Dave/Generated/src/RTOS001/SRC/rt_CMSIS.o
                0x080020a0                osMailCreate
 .text.osMailAlloc
                0x080020d8       0x28 Dave/Generated/src/RTOS001/SRC/rt_CMSIS.o
                0x080020d8                osMailAlloc
 .text.osMailCAlloc
                0x08002100       0x28 Dave/Generated/src/RTOS001/SRC/rt_CMSIS.o
                0x08002100                osMailCAlloc
 .text.osMailFree
                0x08002128       0x24 Dave/Generated/src/RTOS001/SRC/rt_CMSIS.o
                0x08002128                osMailFree
 .text.osMailPut
                0x0800214c       0x1e Dave/Generated/src/RTOS001/SRC/rt_CMSIS.o
                0x0800214c                osMailPut
 .text.osMailGet
                0x0800216a       0x22 Dave/Generated/src/RTOS001/SRC/rt_CMSIS.o
                0x0800216a                osMailGet
 .text.os_suspend
                0x0800218c       0x10 Dave/Generated/src/RTOS001/SRC/rt_CMSIS.o
                0x0800218c                os_suspend
 .text.os_resume
                0x0800219c       0x10 Dave/Generated/src/RTOS001/SRC/rt_CMSIS.o
                0x0800219c                os_resume
 .text          0x080021ac        0x0 Dave/Generated/src/RTOS001/SRC/rt_Event.o
 .text.rt_evt_wait
                0x080021ac       0x4c Dave/Generated/src/RTOS001/SRC/rt_Event.o
                0x080021ac                rt_evt_wait
 .text.rt_evt_set
                0x080021f8       0x5c Dave/Generated/src/RTOS001/SRC/rt_Event.o
                0x080021f8                rt_evt_set
 .text.rt_evt_clr
                0x08002254       0x18 Dave/Generated/src/RTOS001/SRC/rt_Event.o
                0x08002254                rt_evt_clr
 .text.isr_evt_set
                0x0800226c       0x24 Dave/Generated/src/RTOS001/SRC/rt_Event.o
                0x0800226c                isr_evt_set
 .text.rt_evt_get
                0x08002290        0xc Dave/Generated/src/RTOS001/SRC/rt_Event.o
                0x08002290                rt_evt_get
 .text.rt_evt_psh
                0x0800229c       0x54 Dave/Generated/src/RTOS001/SRC/rt_Event.o
                0x0800229c                rt_evt_psh
 .text          0x080022f0        0x0 Dave/Generated/src/RTOS001/SRC/rt_List.o
 .text.rt_put_prio
                0x080022f0       0x30 Dave/Generated/src/RTOS001/SRC/rt_List.o
                0x080022f0                rt_put_prio
 .text.rt_get_first
                0x08002320       0x22 Dave/Generated/src/RTOS001/SRC/rt_List.o
                0x08002320                rt_get_first
 *fill*         0x08002342        0x2 00
 .text.rt_put_rdy_first
                0x08002344       0x14 Dave/Generated/src/RTOS001/SRC/rt_List.o
                0x08002344                rt_put_rdy_first
 .text.rt_get_same_rdy_prio
                0x08002358       0x24 Dave/Generated/src/RTOS001/SRC/rt_List.o
                0x08002358                rt_get_same_rdy_prio
 .text.rt_put_dly
                0x0800237c       0x4c Dave/Generated/src/RTOS001/SRC/rt_List.o
                0x0800237c                rt_put_dly
 .text.rt_dec_dly
                0x080023c8       0x70 Dave/Generated/src/RTOS001/SRC/rt_List.o
                0x080023c8                rt_dec_dly
 .text.rt_rmv_list
                0x08002438       0x2c Dave/Generated/src/RTOS001/SRC/rt_List.o
                0x08002438                rt_rmv_list
 .text.rt_resort_prio
                0x08002464       0x34 Dave/Generated/src/RTOS001/SRC/rt_List.o
                0x08002464                rt_resort_prio
 .text.rt_rmv_dly
                0x08002498       0x26 Dave/Generated/src/RTOS001/SRC/rt_List.o
                0x08002498                rt_rmv_dly
 *fill*         0x080024be        0x2 00
 .text.rt_psq_enq
                0x080024c0       0x44 Dave/Generated/src/RTOS001/SRC/rt_List.o
                0x080024c0                rt_psq_enq
 .text          0x08002504        0x0 Dave/Generated/src/RTOS001/SRC/rt_Mailbox.o
 .text.rt_mbx_init
                0x08002504       0x1a Dave/Generated/src/RTOS001/SRC/rt_Mailbox.o
                0x08002504                rt_mbx_init
 *fill*         0x0800251e        0x2 00
 .text.rt_mbx_send
                0x08002520       0x90 Dave/Generated/src/RTOS001/SRC/rt_Mailbox.o
                0x08002520                rt_mbx_send
 .text.rt_mbx_wait
                0x080025b0       0xa4 Dave/Generated/src/RTOS001/SRC/rt_Mailbox.o
                0x080025b0                rt_mbx_wait
 .text.rt_mbx_check
                0x08002654        0x8 Dave/Generated/src/RTOS001/SRC/rt_Mailbox.o
                0x08002654                rt_mbx_check
 .text.isr_mbx_send
                0x0800265c        0xe Dave/Generated/src/RTOS001/SRC/rt_Mailbox.o
                0x0800265c                isr_mbx_send
 .text.isr_mbx_receive
                0x0800266a       0x4c Dave/Generated/src/RTOS001/SRC/rt_Mailbox.o
                0x0800266a                isr_mbx_receive
 *fill*         0x080026b6        0x2 00
 .text.rt_mbx_psh
                0x080026b8       0xdc Dave/Generated/src/RTOS001/SRC/rt_Mailbox.o
                0x080026b8                rt_mbx_psh
 .text          0x08002794        0x0 Dave/Generated/src/RTOS001/SRC/rt_MemBox.o
 .text._init_box
                0x08002794       0x46 Dave/Generated/src/RTOS001/SRC/rt_MemBox.o
                0x08002794                _init_box
 .text.rt_alloc_box
                0x080027da       0x1a Dave/Generated/src/RTOS001/SRC/rt_MemBox.o
                0x080027da                rt_alloc_box
 .text._calloc_box
                0x080027f4       0x1e Dave/Generated/src/RTOS001/SRC/rt_MemBox.o
                0x080027f4                _calloc_box
 .text.rt_free_box
                0x08002812       0x28 Dave/Generated/src/RTOS001/SRC/rt_MemBox.o
                0x08002812                rt_free_box
 .text          0x0800283a        0x0 Dave/Generated/src/RTOS001/SRC/rt_Memory.o
 .text.rt_init_mem
                0x0800283a       0x1c Dave/Generated/src/RTOS001/SRC/rt_Memory.o
                0x0800283a                rt_init_mem
 .text.rt_alloc_mem
                0x08002856       0x40 Dave/Generated/src/RTOS001/SRC/rt_Memory.o
                0x08002856                rt_alloc_mem
 .text.rt_free_mem
                0x08002896       0x28 Dave/Generated/src/RTOS001/SRC/rt_Memory.o
                0x08002896                rt_free_mem
 .text          0x080028be        0x0 Dave/Generated/src/RTOS001/SRC/rt_Mutex.o
 .text.rt_mut_init
                0x080028be       0x10 Dave/Generated/src/RTOS001/SRC/rt_Mutex.o
                0x080028be                rt_mut_init
 *fill*         0x080028ce        0x2 00
 .text.rt_mut_delete
                0x080028d0       0xa8 Dave/Generated/src/RTOS001/SRC/rt_Mutex.o
                0x080028d0                rt_mut_delete
 .text.rt_mut_release
                0x08002978       0xdc Dave/Generated/src/RTOS001/SRC/rt_Mutex.o
                0x08002978                rt_mut_release
 .text.rt_mut_wait
                0x08002a54       0x64 Dave/Generated/src/RTOS001/SRC/rt_Mutex.o
                0x08002a54                rt_mut_wait
 .text          0x08002ab8        0x0 Dave/Generated/src/RTOS001/SRC/rt_Robin.o
 .text.rt_init_robin
                0x08002ab8       0x18 Dave/Generated/src/RTOS001/SRC/rt_Robin.o
                0x08002ab8                rt_init_robin
 .text.rt_chk_robin
                0x08002ad0       0x4c Dave/Generated/src/RTOS001/SRC/rt_Robin.o
                0x08002ad0                rt_chk_robin
 .text          0x08002b1c        0x0 Dave/Generated/src/RTOS001/SRC/rt_Semaphore.o
 .text.rt_sem_init
                0x08002b1c        0xc Dave/Generated/src/RTOS001/SRC/rt_Semaphore.o
                0x08002b1c                rt_sem_init
 .text.rt_sem_delete
                0x08002b28       0x5c Dave/Generated/src/RTOS001/SRC/rt_Semaphore.o
                0x08002b28                rt_sem_delete
 .text.rt_sem_send
                0x08002b84       0x2c Dave/Generated/src/RTOS001/SRC/rt_Semaphore.o
                0x08002b84                rt_sem_send
 .text.rt_sem_wait
                0x08002bb0       0x3c Dave/Generated/src/RTOS001/SRC/rt_Semaphore.o
                0x08002bb0                rt_sem_wait
 .text.isr_sem_send
                0x08002bec       0x10 Dave/Generated/src/RTOS001/SRC/rt_Semaphore.o
                0x08002bec                isr_sem_send
 .text.rt_sem_psh
                0x08002bfc       0x34 Dave/Generated/src/RTOS001/SRC/rt_Semaphore.o
                0x08002bfc                rt_sem_psh
 .text          0x08002c30        0x0 Dave/Generated/src/RTOS001/SRC/rt_System.o
 .text.rt_tsk_lock
                0x08002c30       0x60 Dave/Generated/src/RTOS001/SRC/rt_System.o
                0x08002c30                rt_tsk_lock
 .text.rt_suspend
                0x08002c90       0x24 Dave/Generated/src/RTOS001/SRC/rt_System.o
                0x08002c90                rt_suspend
 .text.rt_tsk_unlock
                0x08002cb4       0x60 Dave/Generated/src/RTOS001/SRC/rt_System.o
                0x08002cb4                rt_tsk_unlock
 .text.rt_resume
                0x08002d14       0x84 Dave/Generated/src/RTOS001/SRC/rt_System.o
                0x08002d14                rt_resume
 .text.rt_psh_req
                0x08002d98       0x20 Dave/Generated/src/RTOS001/SRC/rt_System.o
                0x08002d98                rt_psh_req
 .text.rt_pop_req
                0x08002db8       0x74 Dave/Generated/src/RTOS001/SRC/rt_System.o
                0x08002db8                rt_pop_req
 .text.os_tick_init
                0x08002e2c       0x2c Dave/Generated/src/RTOS001/SRC/rt_System.o
                0x08002e2c                os_tick_init
 .text.os_tick_val
                0x08002e58       0x14 Dave/Generated/src/RTOS001/SRC/rt_System.o
                0x08002e58                os_tick_val
 .text.os_tick_ovf
                0x08002e6c       0x10 Dave/Generated/src/RTOS001/SRC/rt_System.o
                0x08002e6c                os_tick_ovf
 .text.os_tick_irqack
                0x08002e7c        0x2 Dave/Generated/src/RTOS001/SRC/rt_System.o
                0x08002e7c                os_tick_irqack
 *fill*         0x08002e7e        0x2 00
 .text.rt_systick
                0x08002e80       0x3c Dave/Generated/src/RTOS001/SRC/rt_System.o
                0x08002e80                rt_systick
 .text.rt_stk_check
                0x08002ebc       0x24 Dave/Generated/src/RTOS001/SRC/rt_System.o
                0x08002ebc                rt_stk_check
 .text          0x08002ee0        0x0 Dave/Generated/src/RTOS001/SRC/rt_Task.o
 .text.rt_dispatch.part.0
                0x08002ee0       0x1c Dave/Generated/src/RTOS001/SRC/rt_Task.o
 .text.rt_switch_req
                0x08002efc       0x10 Dave/Generated/src/RTOS001/SRC/rt_Task.o
                0x08002efc                rt_switch_req
 .text.rt_dispatch
                0x08002f0c       0x44 Dave/Generated/src/RTOS001/SRC/rt_Task.o
                0x08002f0c                rt_dispatch
 .text.rt_block
                0x08002f50       0x34 Dave/Generated/src/RTOS001/SRC/rt_Task.o
                0x08002f50                rt_block
 .text.rt_tsk_pass
                0x08002f84       0x2c Dave/Generated/src/RTOS001/SRC/rt_Task.o
                0x08002f84                rt_tsk_pass
 .text.rt_tsk_self
                0x08002fb0       0x10 Dave/Generated/src/RTOS001/SRC/rt_Task.o
                0x08002fb0                rt_tsk_self
 .text.rt_tsk_prio
                0x08002fc0       0x7c Dave/Generated/src/RTOS001/SRC/rt_Task.o
                0x08002fc0                rt_tsk_prio
 .text.rt_tsk_create
                0x0800303c       0xa8 Dave/Generated/src/RTOS001/SRC/rt_Task.o
                0x0800303c                rt_tsk_create
 .text.rt_tsk_delete
                0x080030e4      0x13c Dave/Generated/src/RTOS001/SRC/rt_Task.o
                0x080030e4                rt_tsk_delete
 .text.rt_sys_init
                0x08003220      0x140 Dave/Generated/src/RTOS001/SRC/rt_Task.o
                0x08003220                rt_sys_init
 .text.rt_sys_start
                0x08003360       0x3c Dave/Generated/src/RTOS001/SRC/rt_Task.o
                0x08003360                rt_sys_start
 .text          0x0800339c        0x0 Dave/Generated/src/RTOS001/SRC/rt_Time.o
 .text.rt_time_get
                0x0800339c        0xc Dave/Generated/src/RTOS001/SRC/rt_Time.o
                0x0800339c                rt_time_get
 .text.rt_dly_wait
                0x080033a8        0x6 Dave/Generated/src/RTOS001/SRC/rt_Time.o
                0x080033a8                rt_dly_wait
 *fill*         0x080033ae        0x2 00
 .text.rt_itv_set
                0x080033b0       0x18 Dave/Generated/src/RTOS001/SRC/rt_Time.o
                0x080033b0                rt_itv_set
 .text.rt_itv_wait
                0x080033c8       0x28 Dave/Generated/src/RTOS001/SRC/rt_Time.o
                0x080033c8                rt_itv_wait
 .text          0x080033f0        0x0 Dave/Generated/src/RTOS001/SRC/rt_Timer.o
 .text.rt_tmr_tick
                0x080033f0       0x3c Dave/Generated/src/RTOS001/SRC/rt_Timer.o
                0x080033f0                rt_tmr_tick
 .text.rt_tmr_create
                0x0800342c       0x50 Dave/Generated/src/RTOS001/SRC/rt_Timer.o
                0x0800342c                rt_tmr_create
 .text.rt_tmr_kill
                0x0800347c       0x38 Dave/Generated/src/RTOS001/SRC/rt_Timer.o
                0x0800347c                rt_tmr_kill
 .text          0x080034b4        0x0 Dave/Generated/src/RTOS001/RTX_Conf_CM.o
 .text.os_idle_demon
                0x080034b4        0x2 Dave/Generated/src/RTOS001/RTX_Conf_CM.o
                0x080034b4                os_idle_demon
 .text.os_tmr_call
                0x080034b6        0x2 Dave/Generated/src/RTOS001/RTX_Conf_CM.o
                0x080034b6                os_tmr_call
 .text.os_error
                0x080034b8        0x2 Dave/Generated/src/RTOS001/RTX_Conf_CM.o
                0x080034b8                os_error
 .text          0x080034ba        0x0 Dave/Generated/src/RESET001/RESET001.o
 *fill*         0x080034ba        0x2 00
 .text.RESET001_AssertReset
                0x080034bc       0x14 Dave/Generated/src/RESET001/RESET001.o
                0x080034bc                RESET001_AssertReset
 .text.RESET001_DeassertReset
                0x080034d0       0x14 Dave/Generated/src/RESET001/RESET001.o
                0x080034d0                RESET001_DeassertReset
 .text.RESET001_GetResetInfo
                0x080034e4        0xc Dave/Generated/src/RESET001/RESET001.o
                0x080034e4                RESET001_GetResetInfo
 .text.RESET001_GetStatus
                0x080034f0       0x1c Dave/Generated/src/RESET001/RESET001.o
                0x080034f0                RESET001_GetStatus
 .text.RESET001_ClearResetInfo
                0x0800350c       0x10 Dave/Generated/src/RESET001/RESET001.o
                0x0800350c                RESET001_ClearResetInfo
 .text          0x0800351c        0x0 Dave/Generated/src/LIBS/CCU8PWMLIB.o
 .text          0x0800351c        0x0 Dave/Generated/src/LIBS/MOTORLIB.o
 .text          0x0800351c        0x0 Dave/Generated/src/IO004/IO004.o
 .text.IO004_Init
                0x0800351c       0x44 Dave/Generated/src/IO004/IO004.o
                0x0800351c                IO004_Init
 .text.IO004_DisableOutputDriver
                0x08003560       0xb2 Dave/Generated/src/IO004/IO004.o
                0x08003560                IO004_DisableOutputDriver
 .text.IO004_EnableOutputDriver
                0x08003612       0xb2 Dave/Generated/src/IO004/IO004.o
                0x08003612                IO004_EnableOutputDriver
 .text          0x080036c4        0x0 Dave/Generated/src/IO004/IO004_Conf.o
 .text          0x080036c4        0x0 Dave/Generated/src/DAVESupport/DAVE3.o
 .text.DAVE_Init
                0x080036c4       0x38 Dave/Generated/src/DAVESupport/DAVE3.o
                0x080036c4                DAVE_Init
 .text.SystemInit_DAVE3
                0x080036fc        0x4 Dave/Generated/src/DAVESupport/DAVE3.o
                0x080036fc                SystemInit_DAVE3
 .text          0x08003700        0x0 Dave/Generated/src/DAVESupport/MULTIPLEXER.o
 .text.DAVE_MUX_Init
                0x08003700       0xb8 Dave/Generated/src/DAVESupport/MULTIPLEXER.o
                0x08003700                DAVE_MUX_Init
 .text.DAVE_MUX_PreInit
                0x080037b8        0x2 Dave/Generated/src/DAVESupport/MULTIPLEXER.o
                0x080037b8                DAVE_MUX_PreInit
 .text          0x080037ba        0x0 Dave/Generated/src/CLK001/CLK001.o
 .text.CLK001_Delay
                0x080037ba       0x1e Dave/Generated/src/CLK001/CLK001.o
 .text.CLK001_Init
                0x080037d8      0x1a8 Dave/Generated/src/CLK001/CLK001.o
                0x080037d8                CLK001_Init
 .text.AllowPLLInitByStartup
                0x08003980        0x4 Dave/Generated/src/CLK001/CLK001.o
                0x08003980                AllowPLLInitByStartup
 .text          0x08003984        0x0 c:/dave-3.1.10/arm-gcc/bin/../lib/gcc/arm-none-eabi/4.7.4/../../../../arm-none-eabi/lib/armv7e-m\libc.a(lib_a-init.o)
 .text.__libc_init_array
                0x08003984       0x94 c:/dave-3.1.10/arm-gcc/bin/../lib/gcc/arm-none-eabi/4.7.4/../../../../arm-none-eabi/lib/armv7e-m\libc.a(lib_a-init.o)
                0x08003984                __libc_init_array
 *(.glue*)
 .glue_7        0x00000000        0x0 linker stubs
 .glue_7t       0x00000000        0x0 linker stubs
 *(.v4*)
 .v4_bx         0x00000000        0x0 linker stubs
 *(.vfp11_veneer)
 .vfp11_veneer  0x00000000        0x0 linker stubs
 *(.init)
                0x08003a18                __preinit_array_start = .
 *(.preinit_array)
                0x08003a18                __preinit_array_end = .
                0x08003a18                __init_array_start = .
 *(SORT(.init_array.*))
 *(.init_array)
                0x08003a18                __init_array_end = .
 *crtbegin.o(.ctors)
 *(EXCLUDE_FILE(*crtend.o) .ctors)
 *(SORT(.ctors.*))
 *crtend.o(.ctors)
 *(.fini)
                0x08003a18                __fini_array_start = .
 *(.fini_array)
 *(SORT(.fini_array.*))
                0x08003a18                __fini_array_end = .
 *crtbegin.o(.dtors)
 *(EXCLUDE_FILE(*crtend.o) .dtors)
 *(SORT(.dtors.*))
 *crtend.o(.dtors)
                0x08003a18                __extab_start = .
 *(.ARM.extab* .gnu.linkonce.armextab.*)
 .ARM.extab.Xmc4500.reset
                0x08003a18        0x0 Startup/startup_XMC4500.o
 .ARM.extab.Xmc4500.postreset
                0x08003a18        0x0 Startup/startup_XMC4500.o
 .ARM.extab     0x08003a18        0x0 Dave/Generated/src/RTOS001/SRC/HAL_CM4.o
                0x08003a18                . = ALIGN (0x4)
                0x08003a18                __extab_end = ABSOLUTE (.)

.iplt           0x08003a18        0x0 load address 0x0c003a18
 .iplt          0x00000000        0x0 Startup/startup_XMC4500.o

.ARM.exidx      0x08003a18       0x10 load address 0x0c003a18
                0x08003a18                __exidx_start = .
 *(.ARM.exidx* .gnu.linkonce.armexidx.*)
 .ARM.exidx.Xmc4500.reset
                0x08003a18        0x8 Startup/startup_XMC4500.o
 .ARM.exidx.Xmc4500.postreset
                0x08003a20        0x8 Startup/startup_XMC4500.o
 .ARM.exidx     0x08003a28        0x0 Dave/Generated/src/RTOS001/SRC/HAL_CM4.o
                                 0x48 (size before relaxing)
                0x08003a28                . = ALIGN (0x4)
                0x08003a28                __exidx_end = ABSOLUTE (.)

.rodata         0x08003a28       0xa0 load address 0x0c003a28
 *(.rodata .rodata.*)
 .rodata        0x08003a28       0x20 Main.o
                0x08003a28                os_thread_def_threadA
                0x08003a38                os_thread_def_threadB
 .rodata        0x08003a48        0x4 Dave/Generated/src/UART002/UART002.o
                0x08003a48                os_semaphore_def_UART002_ChannelSemHandle0
 .rodata        0x08003a4c       0x24 Dave/Generated/src/UART002/UART002_Conf.o
                0x08003a4c                UART002_Handle0
 .rodata        0x08003a70       0x48 Dave/Generated/src/RTOS001/RTX_Conf_CM.o
                0x08003a70                mp_tmr_size
                0x08003a74                os_messageQ_def_osTimerMessageQ
                0x08003a7c                os_fifo_size
                0x08003a80                os_stack_sz
                0x08003a84                mp_stk_size
                0x08003a88                mp_tcb_size
                0x08003a8c                os_timernum
                0x08003a90                os_clockrate
                0x08003a94                CMSIS_RTOS_RTX_Version
                0x08003a98                CMSIS_RTOS_API_Version
                0x08003a9c                os_flags
                0x08003aa0                os_trv
                0x08003aa4                os_tickus_f
                0x08003aa6                os_tickus_i
                0x08003aa8                os_tickfreq
                0x08003aac                os_rrobin
                0x08003ab0                os_stackinfo
                0x08003ab4                os_maxtaskrun
 .rodata        0x08003ab8       0x10 Dave/Generated/src/IO004/IO004_Conf.o
                0x08003ab8                IO004_Handle1
                0x08003ac0                IO004_Handle0
 *(.gnu.linkonce.r*)

.rel.dyn        0x08003ac8        0x0 load address 0x0c003ac8
 .rel.iplt      0x00000000        0x0 Startup/startup_XMC4500.o
                0x08003ad0                . = ALIGN (0x10)
                0x0c003ad0                eROData = (. | 0x4000000)

Stack           0x10000000      0x800
                0x10000800                . = (. + stack_size)
 *fill*         0x10000000      0x800 00
                0x10000800                __Xmc4500_stack = .

.data3          0x10000800        0x0
                0x10000800                __data3_start = .
 *(.data3)
                0x10000800                __data3_end = .
                0x00000000                __data3_size = (__data3_end - __data3_start)

.data           0x20000000       0x1e load address 0x0c003ad0
                0x20000000                __Xmc4500_sData = .
 *(.data)
 .data          0x20000000        0x0 Startup/startup_XMC4500.o
 .data          0x20000000        0x4 Startup/system_XMC4500.o
                0x20000000                SystemCoreClock
 .data          0x20000004       0x1a Main.o
                0x20000004                Data
                0x20000011                Data1
 .data          0x2000001e        0x0 Lib/System_LibcStubs.o
 .data          0x2000001e        0x0 Dave/Generated/src/UART002/UART002.o
 .data          0x2000001e        0x0 Dave/Generated/src/UART002/UART002_Conf.o
 .data          0x2000001e        0x0 Dave/Generated/src/RTOS001/SRC/HAL_CM.o
 .data          0x2000001e        0x0 Dave/Generated/src/RTOS001/SRC/HAL_CM4.o
 .data          0x2000001e        0x0 Dave/Generated/src/RTOS001/SRC/HAL_CM4_armcc.o
 .data          0x2000001e        0x0 Dave/Generated/src/RTOS001/SRC/SVC_Table.o
 .data          0x2000001e        0x0 Dave/Generated/src/RTOS001/SRC/rt_CMSIS.o
 .data          0x2000001e        0x0 Dave/Generated/src/RTOS001/SRC/rt_Event.o
 .data          0x2000001e        0x0 Dave/Generated/src/RTOS001/SRC/rt_List.o
 .data          0x2000001e        0x0 Dave/Generated/src/RTOS001/SRC/rt_Mailbox.o
 .data          0x2000001e        0x0 Dave/Generated/src/RTOS001/SRC/rt_MemBox.o
 .data          0x2000001e        0x0 Dave/Generated/src/RTOS001/SRC/rt_Memory.o
 .data          0x2000001e        0x0 Dave/Generated/src/RTOS001/SRC/rt_Mutex.o
 .data          0x2000001e        0x0 Dave/Generated/src/RTOS001/SRC/rt_Robin.o
 .data          0x2000001e        0x0 Dave/Generated/src/RTOS001/SRC/rt_Semaphore.o
 .data          0x2000001e        0x0 Dave/Generated/src/RTOS001/SRC/rt_System.o
 .data          0x2000001e        0x0 Dave/Generated/src/RTOS001/SRC/rt_Task.o
 .data          0x2000001e        0x0 Dave/Generated/src/RTOS001/SRC/rt_Time.o
 .data          0x2000001e        0x0 Dave/Generated/src/RTOS001/SRC/rt_Timer.o
 .data          0x2000001e        0x0 Dave/Generated/src/RTOS001/RTX_Conf_CM.o
 .data          0x2000001e        0x0 Dave/Generated/src/RESET001/RESET001.o
 .data          0x2000001e        0x0 Dave/Generated/src/LIBS/CCU8PWMLIB.o
 .data          0x2000001e        0x0 Dave/Generated/src/LIBS/MOTORLIB.o
 .data          0x2000001e        0x0 Dave/Generated/src/IO004/IO004.o
 .data          0x2000001e        0x0 Dave/Generated/src/IO004/IO004_Conf.o
 .data          0x2000001e        0x0 Dave/Generated/src/DAVESupport/DAVE3.o
 .data          0x2000001e        0x0 Dave/Generated/src/DAVESupport/MULTIPLEXER.o
 .data          0x2000001e        0x0 Dave/Generated/src/CLK001/CLK001.o
 .data          0x2000001e        0x0 c:/dave-3.1.10/arm-gcc/bin/../lib/gcc/arm-none-eabi/4.7.4/../../../../arm-none-eabi/lib/armv7e-m\libc.a(lib_a-init.o)
 *(.data*)
 *(*.data)
 *(.gnu.linkonce.d*)
                0x20000020                __Xmc4500_eData = ALIGN (0x4)
                0x00000020                __Xmc4500_Data_Size = (__Xmc4500_eData - __Xmc4500_sData)

.igot.plt       0x20000020        0x0 load address 0x0c003af0
 .igot.plt      0x00000000        0x0 Startup/startup_XMC4500.o

.ram_code       0x10000800        0x0 load address 0x0c003aee
                0x10000800                __ram_code_start = .
 *(.ram_code)
                0x10000800                __ram_code_end = .
                0x0c003aee                __ram_code_load = LOADADDR (.ram_code)
                0x00000000                __ram_code_size = (__ram_code_end - __ram_code_start)

.bss            0x20000020      0x8b4 load address 0x0c003af0
                0x20000020                __Xmc4500_sBSS = .
 *(.bss)
 .bss           0x20000020        0x0 Startup/startup_XMC4500.o
 .bss           0x20000020        0x0 Startup/system_XMC4500.o
 .bss           0x20000020        0x0 Main.o
 .bss           0x20000020        0xc Lib/System_LibcStubs.o
                0x20000028                __dso_handle
 .bss           0x2000002c        0x8 Dave/Generated/src/UART002/UART002.o
                0x2000002c                os_semaphore_cb_UART002_ChannelSemHandle0
 .bss           0x20000034        0x0 Dave/Generated/src/UART002/UART002_Conf.o
 .bss           0x20000034        0x0 Dave/Generated/src/RTOS001/SRC/HAL_CM.o
 .bss           0x20000034        0x0 Dave/Generated/src/RTOS001/SRC/HAL_CM4.o
 .bss           0x20000034        0x0 Dave/Generated/src/RTOS001/SRC/HAL_CM4_armcc.o
 .bss           0x20000034        0x0 Dave/Generated/src/RTOS001/SRC/SVC_Table.o
 .bss           0x20000034        0x0 Dave/Generated/src/RTOS001/SRC/rt_CMSIS.o
 .bss           0x20000034        0x0 Dave/Generated/src/RTOS001/SRC/rt_Event.o
 .bss           0x20000034        0x0 Dave/Generated/src/RTOS001/SRC/rt_List.o
 .bss           0x20000034        0x0 Dave/Generated/src/RTOS001/SRC/rt_Mailbox.o
 .bss           0x20000034        0x0 Dave/Generated/src/RTOS001/SRC/rt_MemBox.o
 .bss           0x20000034        0x0 Dave/Generated/src/RTOS001/SRC/rt_Memory.o
 .bss           0x20000034        0x0 Dave/Generated/src/RTOS001/SRC/rt_Mutex.o
 .bss           0x20000034        0x0 Dave/Generated/src/RTOS001/SRC/rt_Robin.o
 .bss           0x20000034        0x0 Dave/Generated/src/RTOS001/SRC/rt_Semaphore.o
 .bss           0x20000034        0x3 Dave/Generated/src/RTOS001/SRC/rt_System.o
 .bss           0x20000037        0x0 Dave/Generated/src/RTOS001/SRC/rt_Task.o
 .bss           0x20000037        0x0 Dave/Generated/src/RTOS001/SRC/rt_Time.o
 .bss           0x20000037        0x0 Dave/Generated/src/RTOS001/SRC/rt_Timer.o
 *fill*         0x20000037        0x1 00
 .bss           0x20000038       0x24 Dave/Generated/src/RTOS001/RTX_Conf_CM.o
                0x20000038                m_tmr
                0x2000003c                os_messageQ_q_osTimerMessageQ
                0x2000004c                os_thread_def_osTimerThread
 .bss           0x2000005c        0x0 Dave/Generated/src/RESET001/RESET001.o
 .bss           0x2000005c        0x0 Dave/Generated/src/LIBS/CCU8PWMLIB.o
 .bss           0x2000005c        0x0 Dave/Generated/src/LIBS/MOTORLIB.o
 .bss           0x2000005c        0x0 Dave/Generated/src/IO004/IO004.o
 .bss           0x2000005c        0x0 Dave/Generated/src/IO004/IO004_Conf.o
 .bss           0x2000005c        0x0 Dave/Generated/src/DAVESupport/DAVE3.o
 .bss           0x2000005c        0x0 Dave/Generated/src/DAVESupport/MULTIPLEXER.o
 .bss           0x2000005c        0x8 Dave/Generated/src/CLK001/CLK001.o
 .bss           0x20000064        0x0 c:/dave-3.1.10/arm-gcc/bin/../lib/gcc/arm-none-eabi/4.7.4/../../../../arm-none-eabi/lib/armv7e-m\libc.a(lib_a-init.o)
 *(.bss*)
 *(COMMON)
 COMMON         0x20000064        0x8 Main.o
                0x20000064                threadA_id
                0x20000068                threadB_id
 COMMON         0x2000006c       0x14 Dave/Generated/src/UART002/UART002_Conf.o
                0x2000006c                AppDynamicData0
 COMMON         0x20000080        0x8 Dave/Generated/src/RTOS001/SRC/rt_CMSIS.o
                0x20000080                os_initialized
                0x20000081                os_running
                0x20000084                os_timer_head
 COMMON         0x20000088       0x30 Dave/Generated/src/RTOS001/SRC/rt_List.o
                0x20000088                os_rdy
                0x200000a0                os_dly
 COMMON         0x200000b8        0x8 Dave/Generated/src/RTOS001/SRC/rt_Robin.o
                0x200000b8                os_robin
 COMMON         0x200000c0        0x4 Dave/Generated/src/RTOS001/SRC/rt_System.o
                0x200000c0                os_tick_irqn
 COMMON         0x200000c4       0x3c Dave/Generated/src/RTOS001/SRC/rt_Task.o
                0x200000c4                os_tsk
                0x200000cc                os_idle_TCB
 COMMON         0x20000100        0x4 Dave/Generated/src/RTOS001/SRC/rt_Time.o
                0x20000100                os_time
 COMMON         0x20000104        0x8 Dave/Generated/src/RTOS001/SRC/rt_Timer.o
                0x20000104                os_tmr
 *fill*         0x2000010c        0x4 00
 COMMON         0x20000110      0x7c4 Dave/Generated/src/RTOS001/RTX_Conf_CM.o
                0x20000110                mp_stk
                0x20000698                os_active_TCB
                0x200006b8                os_stack_mem
                0x200006d0                os_fifo
                0x20000754                osMessageQId_osTimerMessageQ
                0x20000758                mp_tcb
                0x200008d0                osThreadId_osTimerThread
 *(.gnu.linkonce.b*)
                0x200008d4                __Xmc4500_eBSS = ALIGN (0x4)
                0x200008d4                . = ALIGN (0x4)
                0x200008d4                Heap_Bank1_Start = .
                0x000008b4                __Xmc4500_BSS_Size = (__Xmc4500_eBSS - __Xmc4500_sBSS)

.data2          0x30000000        0x0
                0x30000000                __data2_start = .
 *(ETH_RAM)
                0x30000000                __data2_end = .
                0x00000000                __data2_size = (__data2_end - __data2_start)
                0x0000f72c                Heap_Bank1_Size = (0x10000 - (Heap_Bank1_Start - ORIGIN (DSRAM_1_system)))

DSRAM2_Heap     0x30000000        0x0
                0x30000000                Heap_Bank2_Start = .
                0x00008000                Heap_Bank2_Size = (0x8000 - (Heap_Bank2_Start - ORIGIN (DSRAM_2_comm)))

PSRAM_Heap      0x10000800        0x0
                0x10000800                Heap_Bank3_Start = .
                0x0000f800                Heap_Bank3_Size = (0x10000 - (Heap_Bank3_Start - ORIGIN (PSRAM_1)))

/DISCARD/
 *(.comment)

.stab
 *(.stab)

.stabstr
 *(.stabstr)

.debug
 *(.debug)

.line
 *(.line)

.debug_srcinfo
 *(.debug_srcinfo)

.debug_sfnames
 *(.debug_sfnames)

.debug_aranges
 *(.debug_aranges)

.debug_pubnames
 *(.debug_pubnames)

.debug_pubtypes
 *(.debug_pubtypes)

.debug_info
 *(.debug_info .gnu.linkonce.wi.*)

.debug_abbrev
 *(.debug_abbrev)

.debug_line
 *(.debug_line)

.debug_frame    0x00000000       0x30
 *(.debug_frame)
 .debug_frame   0x00000000       0x30 c:/dave-3.1.10/arm-gcc/bin/../lib/gcc/arm-none-eabi/4.7.4/../../../../arm-none-eabi/lib/armv7e-m\libc.a(lib_a-init.o)

.svc_table      0x00000000        0x4
 .svc_table     0x00000000        0x4 Dave/Generated/src/RTOS001/SRC/SVC_Table.o
                0x00000000                SVC_Table
                0x00000000                SVC_Count

.debug_str
 *(.debug_str)

.debug_loc
 *(.debug_loc)

.debug_macinfo
 *(.debug_macinfo)

.debug_ranges
 *(.debug_ranges)

.debug_weaknames
 *(.debug_weaknames)

.debug_funcnames
 *(.debug_funcnames)

.debug_typenames
 *(.debug_typenames)

.debug_varnames
 *(.debug_varnames)

.build_attributes
                0x00000000      0x718
 *(.ARM.attributes)
 .ARM.attributes
                0x00000000       0x27 Startup/startup_XMC4500.o
 .ARM.attributes
                0x00000027       0x39 Startup/system_XMC4500.o
 .ARM.attributes
                0x00000060       0x39 Main.o
 .ARM.attributes
                0x00000099       0x39 Lib/System_LibcStubs.o
 .ARM.attributes
                0x000000d2       0x39 Dave/Generated/src/UART002/UART002.o
 .ARM.attributes
                0x0000010b       0x39 Dave/Generated/src/UART002/UART002_Conf.o
 .ARM.attributes
                0x00000144       0x39 Dave/Generated/src/RTOS001/SRC/HAL_CM.o
 .ARM.attributes
                0x0000017d       0x27 Dave/Generated/src/RTOS001/SRC/HAL_CM4.o
 .ARM.attributes
                0x000001a4       0x39 Dave/Generated/src/RTOS001/SRC/HAL_CM4_armcc.o
 .ARM.attributes
                0x000001dd       0x27 Dave/Generated/src/RTOS001/SRC/SVC_Table.o
 .ARM.attributes
                0x00000204       0x39 Dave/Generated/src/RTOS001/SRC/rt_CMSIS.o
 .ARM.attributes
                0x0000023d       0x39 Dave/Generated/src/RTOS001/SRC/rt_Event.o
 .ARM.attributes
                0x00000276       0x39 Dave/Generated/src/RTOS001/SRC/rt_List.o
 .ARM.attributes
                0x000002af       0x39 Dave/Generated/src/RTOS001/SRC/rt_Mailbox.o
 .ARM.attributes
                0x000002e8       0x39 Dave/Generated/src/RTOS001/SRC/rt_MemBox.o
 .ARM.attributes
                0x00000321       0x39 Dave/Generated/src/RTOS001/SRC/rt_Memory.o
 .ARM.attributes
                0x0000035a       0x39 Dave/Generated/src/RTOS001/SRC/rt_Mutex.o
 .ARM.attributes
                0x00000393       0x39 Dave/Generated/src/RTOS001/SRC/rt_Robin.o
 .ARM.attributes
                0x000003cc       0x39 Dave/Generated/src/RTOS001/SRC/rt_Semaphore.o
 .ARM.attributes
                0x00000405       0x39 Dave/Generated/src/RTOS001/SRC/rt_System.o
 .ARM.attributes
                0x0000043e       0x39 Dave/Generated/src/RTOS001/SRC/rt_Task.o
 .ARM.attributes
                0x00000477       0x39 Dave/Generated/src/RTOS001/SRC/rt_Time.o
 .ARM.attributes
                0x000004b0       0x39 Dave/Generated/src/RTOS001/SRC/rt_Timer.o
 .ARM.attributes
                0x000004e9       0x39 Dave/Generated/src/RTOS001/RTX_Conf_CM.o
 .ARM.attributes
                0x00000522       0x39 Dave/Generated/src/RESET001/RESET001.o
 .ARM.attributes
                0x0000055b       0x39 Dave/Generated/src/LIBS/CCU8PWMLIB.o
 .ARM.attributes
                0x00000594       0x39 Dave/Generated/src/LIBS/MOTORLIB.o
 .ARM.attributes
                0x000005cd       0x39 Dave/Generated/src/IO004/IO004.o
 .ARM.attributes
                0x00000606       0x39 Dave/Generated/src/IO004/IO004_Conf.o
 .ARM.attributes
                0x0000063f       0x39 Dave/Generated/src/DAVESupport/DAVE3.o
 .ARM.attributes
                0x00000678       0x39 Dave/Generated/src/DAVESupport/MULTIPLEXER.o
 .ARM.attributes
                0x000006b1       0x39 Dave/Generated/src/CLK001/CLK001.o
 .ARM.attributes
                0x000006ea       0x2e c:/dave-3.1.10/arm-gcc/bin/../lib/gcc/arm-none-eabi/4.7.4/../../../../arm-none-eabi/lib/armv7e-m\libc.a(lib_a-init.o)
OUTPUT(DAVE4500.elf elf32-littlearm)
